Archive member included because of file (symbol)

C:\Users\Marissa\AppData\Local\arduino15\packages\Intel\hardware\arc32\1.0.5\variants\arduino_101\libarc32drv_arduino101.a(c_init.o)
                              (--whole-archive)
C:\Users\Marissa\AppData\Local\arduino15\packages\Intel\hardware\arc32\1.0.5\variants\arduino_101\libarc32drv_arduino101.a(interrupt.o)
                              (--whole-archive)
C:\Users\Marissa\AppData\Local\arduino15\packages\Intel\hardware\arc32\1.0.5\variants\arduino_101\libarc32drv_arduino101.a(version.o)
                              (--whole-archive)
C:\Users\Marissa\AppData\Local\arduino15\packages\Intel\hardware\arc32\1.0.5\variants\arduino_101\libarc32drv_arduino101.a(arcv2_timer0.o)
                              (--whole-archive)
C:\Users\Marissa\AppData\Local\arduino15\packages\Intel\hardware\arc32\1.0.5\variants\arduino_101\libarc32drv_arduino101.a(ipc_uart_ns16550.o)
                              (--whole-archive)
C:\Users\Marissa\AppData\Local\arduino15\packages\Intel\hardware\arc32\1.0.5\variants\arduino_101\libarc32drv_arduino101.a(ns16550.o)
                              (--whole-archive)
C:\Users\Marissa\AppData\Local\arduino15\packages\Intel\hardware\arc32\1.0.5\variants\arduino_101\libarc32drv_arduino101.a(soc_gpio.o)
                              (--whole-archive)
C:\Users\Marissa\AppData\Local\arduino15\packages\Intel\hardware\arc32\1.0.5\variants\arduino_101\libarc32drv_arduino101.a(ss_dw_i2c.o)
                              (--whole-archive)
C:\Users\Marissa\AppData\Local\arduino15\packages\Intel\hardware\arc32\1.0.5\variants\arduino_101\libarc32drv_arduino101.a(ss_gpio_iface.o)
                              (--whole-archive)
C:\Users\Marissa\AppData\Local\arduino15\packages\Intel\hardware\arc32\1.0.5\variants\arduino_101\libarc32drv_arduino101.a(ss_i2c_iface.o)
                              (--whole-archive)
C:\Users\Marissa\AppData\Local\arduino15\packages\Intel\hardware\arc32\1.0.5\variants\arduino_101\libarc32drv_arduino101.a(cfw_platform.o)
                              (--whole-archive)
C:\Users\Marissa\AppData\Local\arduino15\packages\Intel\hardware\arc32\1.0.5\variants\arduino_101\libarc32drv_arduino101.a(nordic_interface.o)
                              (--whole-archive)
C:\Users\Marissa\AppData\Local\arduino15\packages\Intel\hardware\arc32\1.0.5\variants\arduino_101\libarc32drv_arduino101.a(ble_service_gap_api.o)
                              (--whole-archive)
C:\Users\Marissa\AppData\Local\arduino15\packages\Intel\hardware\arc32\1.0.5\variants\arduino_101\libarc32drv_arduino101.a(ble_service_gatts_api.o)
                              (--whole-archive)
C:\Users\Marissa\AppData\Local\arduino15\packages\Intel\hardware\arc32\1.0.5\variants\arduino_101\libarc32drv_arduino101.a(ble_service_utils.o)
                              (--whole-archive)
C:\Users\Marissa\AppData\Local\arduino15\packages\Intel\hardware\arc32\1.0.5\variants\arduino_101\libarc32drv_arduino101.a(cfw_debug.o)
                              (--whole-archive)
C:\Users\Marissa\AppData\Local\arduino15\packages\Intel\hardware\arc32\1.0.5\variants\arduino_101\libarc32drv_arduino101.a(client_api.o)
                              (--whole-archive)
C:\Users\Marissa\AppData\Local\arduino15\packages\Intel\hardware\arc32\1.0.5\variants\arduino_101\libarc32drv_arduino101.a(service_api.o)
                              (--whole-archive)
C:\Users\Marissa\AppData\Local\arduino15\packages\Intel\hardware\arc32\1.0.5\variants\arduino_101\libarc32drv_arduino101.a(service_manager.o)
                              (--whole-archive)
C:\Users\Marissa\AppData\Local\arduino15\packages\Intel\hardware\arc32\1.0.5\variants\arduino_101\libarc32drv_arduino101.a(factory_data.o)
                              (--whole-archive)
C:\Users\Marissa\AppData\Local\arduino15\packages\Intel\hardware\arc32\1.0.5\variants\arduino_101\libarc32drv_arduino101.a(ipc.o)
                              (--whole-archive)
C:\Users\Marissa\AppData\Local\arduino15\packages\Intel\hardware\arc32\1.0.5\variants\arduino_101\libarc32drv_arduino101.a(ipc_callback.o)
                              (--whole-archive)
C:\Users\Marissa\AppData\Local\arduino15\packages\Intel\hardware\arc32\1.0.5\variants\arduino_101\libarc32drv_arduino101.a(log.o)
                              (--whole-archive)
C:\Users\Marissa\AppData\Local\arduino15\packages\Intel\hardware\arc32\1.0.5\variants\arduino_101\libarc32drv_arduino101.a(log_impl_printk.o)
                              (--whole-archive)
C:\Users\Marissa\AppData\Local\arduino15\packages\Intel\hardware\arc32\1.0.5\variants\arduino_101\libarc32drv_arduino101.a(port.o)
                              (--whole-archive)
C:\Users\Marissa\AppData\Local\arduino15\packages\Intel\hardware\arc32\1.0.5\variants\arduino_101\libarc32drv_arduino101.a(uptime.o)
                              (--whole-archive)
[...]
Memory Configuration

Name             Origin             Length             Attributes
FLASH            0x40034000         0x00026000         xr
SRAM             0xa800e000         0x00006000         xw
DCCM             0x80000000         0x00002000         xw
*default*        0x00000000         0xffffffff

Linker script and memory map

LOAD C:\Users\Marissa\AppData\Local\arduino15\packages\Intel\hardware\arc32\1.0.5\variants\arduino_101\libarc32drv_arduino101.a
START GROUP
LOAD C:\Users\Marissa\AppData\Local\arduino15\packages\Intel\hardware\arc32\1.0.5\variants\arduino_101\libarc32drv_arduino101.a
LOAD c:/users/marissa/appdata/local/arduino15/packages/intel/tools/arc-elf32/1.6.4+1.0/bin/../lib/gcc/arc-elf32/4.8.3/../../../../arc-elf32/lib\libc.a
LOAD c:/users/marissa/appdata/local/arduino15/packages/intel/tools/arc-elf32/1.6.4+1.0/bin/../lib/gcc/arc-elf32/4.8.3/../../../../arc-elf32/lib\libm.a
LOAD c:/users/marissa/appdata/local/arduino15/packages/intel/tools/arc-elf32/1.6.4+1.0/bin/../lib/gcc/arc-elf32/4.8.3\libgcc.a
LOAD C:\Users\Marissa\AppData\Local\Temp\VMicroBuilds\ArduinoSensorSample\Intel_intel_arc32_arduino_101\ArduinoSensorSample.cpp.o
LOAD C:\Users\Marissa\AppData\Local\Temp\VMicroBuilds\ArduinoSensorSample\Intel_intel_arc32_arduino_101/core.a
                0x00000800                __stack_size = 0x800
                0x00000200                __firq_stack_size = 0x200
                0x00002000                __HEAP_SIZE_MIN = 0x2000
                0x00001000                __PAGE_SIZE = 0x1000

text            0x40034000     0x3ad8
                0x40034000                __text_start = .
 *(.int_vector_table)
 .int_vector_table
                0x40034000      0x110 C:\Users\Marissa\AppData\Local\arduino15\packages\Intel\hardware\arc32\1.0.5\variants\arduino_101\libarc32drv_arduino101.a(init.o)
 *(.int_vector_table.*)
 *(.version_header)
 .version_header
                0x40034110       0x30 C:\Users\Marissa\AppData\Local\arduino15\packages\Intel\hardware\arc32\1.0.5\variants\arduino_101\libarc32drv_arduino101.a(version.o)
                0x40034110                version_header
 *(.version_header*)
 *(.text)
 .text          0x40034140       0x70 C:\Users\Marissa\AppData\Local\arduino15\packages\Intel\hardware\arc32\1.0.5\variants\arduino_101\libarc32drv_arduino101.a(init.o)
                0x40034168                _do_fault
                0x40034184                _do_isr
 .text          0x400341b0       0x5c c:/users/marissa/appdata/local/arduino15/packages/intel/tools/arc-elf32/1.6.4+1.0/bin/../lib/gcc/arc-elf32/4.8.3/../../../../arc-elf32/lib\libc.a(lib_a-malloc.o)
                0x400341b0                malloc
                0x400341e0                free
 .text          0x4003420c      0xbdc c:/users/marissa/appdata/local/arduino15/packages/intel/tools/arc-elf32/1.6.4+1.0/bin/../lib/gcc/arc-elf32/4.8.3/../../../../arc-elf32/lib\libc.a(lib_a-mallocr.o)
                0x40034508                _malloc_r
 .text          0x40034de8       0x80 c:/users/marissa/appdata/local/arduino15/packages/intel/tools/arc-elf32/1.6.4+1.0/bin/../lib/gcc/arc-elf32/4.8.3/../../../../arc-elf32/lib\libc.a(lib_a-memcpy-700.o)
                0x40034de8                memcpy
 .text          0x40034e68       0x6c c:/users/marissa/appdata/local/arduino15/packages/intel/tools/arc-elf32/1.6.4+1.0/bin/../lib/gcc/arc-elf32/4.8.3/../../../../arc-elf32/lib\libc.a(lib_a-memset.o)
                0x40034e68                memset
                0x40034ebc                __strncpy_bzero
 .text          0x40034ed4       0x28 c:/users/marissa/appdata/local/arduino15/packages/intel/tools/arc-elf32/1.6.4+1.0/bin/../lib/gcc/arc-elf32/4.8.3/../../../../arc-elf32/lib\libc.a(lib_a-mlock.o)
                0x40034ed4                __malloc_lock
                0x40034ee8                __malloc_unlock
 .text          0x40034efc       0x94 c:/users/marissa/appdata/local/arduino15/packages/intel/tools/arc-elf32/1.6.4+1.0/bin/../lib/gcc/arc-elf32/4.8.3/../../../../arc-elf32/lib\libc.a(lib_a-sbrk.o)
                0x40034efc                _sbrk_r
 .text          0x40034f90       0x88 c:/users/marissa/appdata/local/arduino15/packages/intel/tools/arc-elf32/1.6.4+1.0/bin/../lib/gcc/arc-elf32/4.8.3/../../../../arc-elf32/lib\libc.a(lib_a-strlen.o)
                0x40034f90                strlen
 .text          0x40035018      0x5ac c:/users/marissa/appdata/local/arduino15/packages/intel/tools/arc-elf32/1.6.4+1.0/bin/../lib/gcc/arc-elf32/4.8.3/../../../../arc-elf32/lib\libc.a(lib_a-freer.o)
                0x40035018                _free_r
                0x40035454                _malloc_trim_r
 .text          0x400355c4        0x4 c:/users/marissa/appdata/local/arduino15/packages/intel/tools/arc-elf32/1.6.4+1.0/bin/../lib/gcc/arc-elf32/4.8.3\libgcc.a(_udivsi3.o)
                0x400355c4                __udivsi3
 .text          0x400355c8       0x10 c:/users/marissa/appdata/local/arduino15/packages/intel/tools/arc-elf32/1.6.4+1.0/bin/../lib/gcc/arc-elf32/4.8.3\libgcc.a(_umodsi3.o)
                0x400355c8                __umodsi3
 .text          0x400355d8       0x70 c:/users/marissa/appdata/local/arduino15/packages/intel/tools/arc-elf32/1.6.4+1.0/bin/../lib/gcc/arc-elf32/4.8.3\libgcc.a(_divmod_tools.o)
                0x400355d8                __udivmodsi4
 .text          0x40035648       0x30 c:/users/marissa/appdata/local/arduino15/packages/intel/tools/arc-elf32/1.6.4+1.0/bin/../lib/gcc/arc-elf32/4.8.3\libgcc.a(_millicodethunk_st.o)
                0x40035648                __st_r13_to_r25
                0x4003564c                __st_r13_to_r24
                0x40035650                __st_r13_to_r23
                0x40035654                __st_r13_to_r22
                0x40035658                __st_r13_to_r21
                0x4003565c                __st_r13_to_r20
                0x40035660                __st_r13_to_r19
                0x40035664                __st_r13_to_r18
                0x40035668                __st_r13_to_r17
                0x4003566c                __st_r13_to_r16
                0x40035670                __st_r13_to_r15
 .text          0x40035678       0x30 c:/users/marissa/appdata/local/arduino15/packages/intel/tools/arc-elf32/1.6.4+1.0/bin/../lib/gcc/arc-elf32/4.8.3\libgcc.a(_millicodethunk_ld.o)
                0x40035678                __ld_r13_to_r25
                0x4003567c                __ld_r13_to_r24
                0x40035680                __ld_r13_to_r23
                0x40035684                __ld_r13_to_r22
                0x40035688                __ld_r13_to_r21
                0x4003568c                __ld_r13_to_r20
                0x40035690                __ld_r13_to_r19
                0x40035694                __ld_r13_to_r18
                0x40035698                __ld_r13_to_r17
                0x4003569c                __ld_r13_to_r16
                0x400356a0                __ld_r13_to_r15
 .text          0x400356a8       0x3c c:/users/marissa/appdata/local/arduino15/packages/intel/tools/arc-elf32/1.6.4+1.0/bin/../lib/gcc/arc-elf32/4.8.3\libgcc.a(_millicodethunk_ret.o)
                0x400356a8                __ld_r13_to_r25_ret
                0x400356ac                __ld_r13_to_r24_ret
                0x400356b0                __ld_r13_to_r23_ret
                0x400356b4                __ld_r13_to_r22_ret
                0x400356b8                __ld_r13_to_r21_ret
                0x400356bc                __ld_r13_to_r20_ret
                0x400356c0                __ld_r13_to_r19_ret
                0x400356c4                __ld_r13_to_r18_ret
                0x400356c8                __ld_r13_to_r17_ret
                0x400356cc                __ld_r13_to_r16_ret
                0x400356d0                __ld_r13_to_r15_ret
                0x400356d4                __ld_r13_to_r14_ret
 .text          0x400356e4       0x1c c:/users/marissa/appdata/local/arduino15/packages/intel/tools/arc-elf32/1.6.4+1.0/bin/../lib/gcc/arc-elf32/4.8.3\libgcc.a(_divsi3.o)
                0x400356e4                __divsi3
 *(.text.*)
 .text._main    0x40035700       0x70 C:\Users\Marissa\AppData\Local\arduino15\packages\Intel\hardware\arc32\1.0.5\variants\arduino_101\libarc32drv_arduino101.a(c_init.o)
                0x40035700                _main
 .text.interrupt_connect
                0x40035770       0x20 C:\Users\Marissa\AppData\Local\arduino15\packages\Intel\hardware\arc32\1.0.5\variants\arduino_101\libarc32drv_arduino101.a(interrupt.o)
                0x40035770                interrupt_connect
 .text.interrupt_enable
                0x40035790       0x28 C:\Users\Marissa\AppData\Local\arduino15\packages\Intel\hardware\arc32\1.0.5\variants\arduino_101\libarc32drv_arduino101.a(interrupt.o)
                0x40035790                interrupt_enable
 .text.interrupt_unit_device_init
                0x400357b8       0x50 C:\Users\Marissa\AppData\Local\arduino15\packages\Intel\hardware\arc32\1.0.5\variants\arduino_101\libarc32drv_arduino101.a(interrupt.o)
                0x400357b8                interrupt_unit_device_init
 .text._arcv2_timer0_int_handler
                0x40035808       0x20 C:\Users\Marissa\AppData\Local\arduino15\packages\Intel\hardware\arc32\1.0.5\variants\arduino_101\libarc32drv_arduino101.a(arcv2_timer0.o)
                0x40035808                _arcv2_timer0_int_handler
 .text.timer0_driver_init
                0x40035828       0x40 C:\Users\Marissa\AppData\Local\arduino15\packages\Intel\hardware\arc32\1.0.5\variants\arduino_101\libarc32drv_arduino101.a(arcv2_timer0.o)
                0x40035828                timer0_driver_init
 .text.uart_ipc_get_channel
                0x40035868       0x14 C:\Users\Marissa\AppData\Local\arduino15\packages\Intel\hardware\arc32\1.0.5\variants\arduino_101\libarc32drv_arduino101.a(ipc_uart_ns16550.o)
                0x40035868                uart_ipc_get_channel
 .text.uart_ipc_send_message
                0x4003587c       0x8c C:\Users\Marissa\AppData\Local\arduino15\packages\Intel\hardware\arc32\1.0.5\variants\arduino_101\libarc32drv_arduino101.a(ipc_uart_ns16550.o)
                0x4003587c                uart_ipc_send_message
 .text.uart_init
                0x40035908       0x98 C:\Users\Marissa\AppData\Local\arduino15\packages\Intel\hardware\arc32\1.0.5\variants\arduino_101\libarc32drv_arduino101.a(ns16550.o)
                0x40035908                uart_init
 .text.uart_poll_in
                0x400359a0       0x28 C:\Users\Marissa\AppData\Local\arduino15\packages\Intel\hardware\arc32\1.0.5\variants\arduino_101\libarc32drv_arduino101.a(ns16550.o)
                0x400359a0                uart_poll_in
 .text.uart_poll_out
                0x400359c8       0x28 C:\Users\Marissa\AppData\Local\arduino15\packages\Intel\hardware\arc32\1.0.5\variants\arduino_101\libarc32drv_arduino101.a(ns16550.o)
                0x400359c8                uart_poll_out
 .text.uart_fifo_read
                0x400359f0       0x4c C:\Users\Marissa\AppData\Local\arduino15\packages\Intel\hardware\arc32\1.0.5\variants\arduino_101\libarc32drv_arduino101.a(ns16550.o)
                0x400359f0                uart_fifo_read
 .text.uart_irq_tx_enable
                0x40035a3c       0x20 C:\Users\Marissa\AppData\Local\arduino15\packages\Intel\hardware\arc32\1.0.5\variants\arduino_101\libarc32drv_arduino101.a(ns16550.o)
                0x40035a3c                uart_irq_tx_enable
 .text.uart_irq_tx_disable
                0x40035a5c       0x20 C:\Users\Marissa\AppData\Local\arduino15\packages\Intel\hardware\arc32\1.0.5\variants\arduino_101\libarc32drv_arduino101.a(ns16550.o)
                0x40035a5c                uart_irq_tx_disable
 .text.uart_irq_tx_ready
                0x40035a7c       0x20 C:\Users\Marissa\AppData\Local\arduino15\packages\Intel\hardware\arc32\1.0.5\variants\arduino_101\libarc32drv_arduino101.a(ns16550.o)
                0x40035a7c                uart_irq_tx_ready
 .text.uart_irq_rx_enable
                0x40035a9c       0x20 C:\Users\Marissa\AppData\Local\arduino15\packages\Intel\hardware\arc32\1.0.5\variants\arduino_101\libarc32drv_arduino101.a(ns16550.o)
                0x40035a9c                uart_irq_rx_enable
 .text.uart_irq_rx_disable
                0x40035abc       0x20 C:\Users\Marissa\AppData\Local\arduino15\packages\Intel\hardware\arc32\1.0.5\variants\arduino_101\libarc32drv_arduino101.a(ns16550.o)
                0x40035abc                uart_irq_rx_disable
 .text.uart_irq_rx_ready
                0x40035adc       0x20 C:\Users\Marissa\AppData\Local\arduino15\packages\Intel\hardware\arc32\1.0.5\variants\arduino_101\libarc32drv_arduino101.a(ns16550.o)
                0x40035adc                uart_irq_rx_ready
 .text.uart_int_connect
                0x40035afc       0x4c C:\Users\Marissa\AppData\Local\arduino15\packages\Intel\hardware\arc32\1.0.5\variants\arduino_101\libarc32drv_arduino101.a(ns16550.o)
                0x40035afc                uart_int_connect
 .text.free_message_ipc
                0x40035b48       0x18 C:\Users\Marissa\AppData\Local\arduino15\packages\Intel\hardware\arc32\1.0.5\variants\arduino_101\libarc32drv_arduino101.a(cfw_platform.o)
 .text.send_message_ipc
                0x40035b60       0x18 C:\Users\Marissa\AppData\Local\arduino15\packages\Intel\hardware\arc32\1.0.5\variants\arduino_101\libarc32drv_arduino101.a(cfw_platform.o)
 .text.ipc_mbx_isr
                0x40035b78       0x30 C:\Users\Marissa\AppData\Local\arduino15\packages\Intel\hardware\arc32\1.0.5\variants\arduino_101\libarc32drv_arduino101.a(cfw_platform.o)
 .text.cfw_platform_init
                0x40035ba8       0xb0 C:\Users\Marissa\AppData\Local\arduino15\packages\Intel\hardware\arc32\1.0.5\variants\arduino_101\libarc32drv_arduino101.a(cfw_platform.o)
                0x40035ba8                cfw_platform_init
 .text.send_message_ipc_uart
                0x40035c58       0x34 C:\Users\Marissa\AppData\Local\arduino15\packages\Intel\hardware\arc32\1.0.5\variants\arduino_101\libarc32drv_arduino101.a(nordic_interface.o)
                0x40035c58                send_message_ipc_uart
 .text.free_message_ipc_uart
                0x40035c8c       0x10 C:\Users\Marissa\AppData\Local\arduino15\packages\Intel\hardware\arc32\1.0.5\variants\arduino_101\libarc32drv_arduino101.a(nordic_interface.o)
                0x40035c8c                free_message_ipc_uart
 .text.cfw_alloc_message
                0x40035c9c       0x10 C:\Users\Marissa\AppData\Local\arduino15\packages\Intel\hardware\arc32\1.0.5\variants\arduino_101\libarc32drv_arduino101.a(client_api.o)
                0x40035c9c                cfw_alloc_message
 .text.cfw_alloc_rsp_msg
                0x40035cac       0x54 C:\Users\Marissa\AppData\Local\arduino15\packages\Intel\hardware\arc32\1.0.5\variants\arduino_101\libarc32drv_arduino101.a(service_api.o)
                0x40035cac                cfw_alloc_rsp_msg
 .text._cfw_send_message
                0x40035d00       0x10 C:\Users\Marissa\AppData\Local\arduino15\packages\Intel\hardware\arc32\1.0.5\variants\arduino_101\libarc32drv_arduino101.a(service_api.o)
                0x40035d00                _cfw_send_message
 .text.cfw_msg_free
                0x40035d10       0x10 C:\Users\Marissa\AppData\Local\arduino15\packages\Intel\hardware\arc32\1.0.5\variants\arduino_101\libarc32drv_arduino101.a(service_api.o)
                0x40035d10                cfw_msg_free
 .text.send_service_avail_evt
                0x40035d20       0x54 C:\Users\Marissa\AppData\Local\arduino15\packages\Intel\hardware\arc32\1.0.5\variants\arduino_101\libarc32drv_arduino101.a(service_manager.o)
 .text.notify_service_avail_cb
                0x40035d74       0x38 C:\Users\Marissa\AppData\Local\arduino15\packages\Intel\hardware\arc32\1.0.5\variants\arduino_101\libarc32drv_arduino101.a(service_manager.o)
                0x40035d74                notify_service_avail_cb
 .text.add_service_avail_listener
                0x40035dac       0x3c C:\Users\Marissa\AppData\Local\arduino15\packages\Intel\hardware\arc32\1.0.5\variants\arduino_101\libarc32drv_arduino101.a(service_manager.o)
                0x40035dac                add_service_avail_listener
 .text.notify_service_avail
                0x40035de8       0x2c C:\Users\Marissa\AppData\Local\arduino15\packages\Intel\hardware\arc32\1.0.5\variants\arduino_101\libarc32drv_arduino101.a(service_manager.o)
                0x40035de8                notify_service_avail
 .text.get_event_registered_list
                0x40035e14       0x28 C:\Users\Marissa\AppData\Local\arduino15\packages\Intel\hardware\arc32\1.0.5\variants\arduino_101\libarc32drv_arduino101.a(service_manager.o)
                0x40035e14                get_event_registered_list
 .text._cfw_register_event
                0x40035e3c       0x5c C:\Users\Marissa\AppData\Local\arduino15\packages\Intel\hardware\arc32\1.0.5\variants\arduino_101\libarc32drv_arduino101.a(service_manager.o)
                0x40035e3c                _cfw_register_event
 .text._find_service
                0x40035e98       0x30 C:\Users\Marissa\AppData\Local\arduino15\packages\Intel\hardware\arc32\1.0.5\variants\arduino_101\libarc32drv_arduino101.a(service_manager.o)
                0x40035e98                _find_service
 .text.cfw_get_service
                0x40035ec8       0x28 C:\Users\Marissa\AppData\Local\arduino15\packages\Intel\hardware\arc32\1.0.5\variants\arduino_101\libarc32drv_arduino101.a(service_manager.o)
                0x40035ec8                cfw_get_service
 .text.internal_handle_message
                0x40035ef0      0x20c C:\Users\Marissa\AppData\Local\arduino15\packages\Intel\hardware\arc32\1.0.5\variants\arduino_101\libarc32drv_arduino101.a(service_manager.o)
                0x40035ef0                internal_handle_message
 .text.cfw_get_service_mgr_port_id
                0x400360fc       0x14 C:\Users\Marissa\AppData\Local\arduino15\packages\Intel\hardware\arc32\1.0.5\variants\arduino_101\libarc32drv_arduino101.a(service_manager.o)
                0x400360fc                cfw_get_service_mgr_port_id
 .text._cfw_init
                0x40036110       0x34 C:\Users\Marissa\AppData\Local\arduino15\packages\Intel\hardware\arc32\1.0.5\variants\arduino_101\libarc32drv_arduino101.a(service_manager.o)
                0x40036110                _cfw_init
 .text._add_service
                0x40036144       0x48 C:\Users\Marissa\AppData\Local\arduino15\packages\Intel\hardware\arc32\1.0.5\variants\arduino_101\libarc32drv_arduino101.a(service_manager.o)
                0x40036144                _add_service
 .text._cfw_register_service
                0x4003618c       0x64 C:\Users\Marissa\AppData\Local\arduino15\packages\Intel\hardware\arc32\1.0.5\variants\arduino_101\libarc32drv_arduino101.a(service_manager.o)
                0x4003618c                _cfw_register_service
 .text.handle_ipc_sync_request
                0x400361f0       0x58 C:\Users\Marissa\AppData\Local\arduino15\packages\Intel\hardware\arc32\1.0.5\variants\arduino_101\libarc32drv_arduino101.a(service_manager.o)
                0x400361f0                handle_ipc_sync_request
 .text.ipc_init
                0x40036248       0x48 C:\Users\Marissa\AppData\Local\arduino15\packages\Intel\hardware\arc32\1.0.5\variants\arduino_101\libarc32drv_arduino101.a(ipc.o)
                0x40036248                ipc_init
 .text.ipc_handle_message
                0x40036290       0xa4 C:\Users\Marissa\AppData\Local\arduino15\packages\Intel\hardware\arc32\1.0.5\variants\arduino_101\libarc32drv_arduino101.a(ipc.o)
                0x40036290                ipc_handle_message
 .text.ipc_request_sync_int
                0x40036334      0x15c C:\Users\Marissa\AppData\Local\arduino15\packages\Intel\hardware\arc32\1.0.5\variants\arduino_101\libarc32drv_arduino101.a(ipc.o)
                0x40036334                ipc_request_sync_int
 .text.ipc_sync_callback
                0x40036490       0x54 C:\Users\Marissa\AppData\Local\arduino15\packages\Intel\hardware\arc32\1.0.5\variants\arduino_101\libarc32drv_arduino101.a(ipc_callback.o)
                0x40036490                ipc_sync_callback
 .text.log_vprintk
                0x400364e4       0x48 C:\Users\Marissa\AppData\Local\arduino15\packages\Intel\hardware\arc32\1.0.5\variants\arduino_101\libarc32drv_arduino101.a(log.o)
                0x400364e4                log_vprintk
 .text.log_printk
                0x4003652c       0x38 C:\Users\Marissa\AppData\Local\arduino15\packages\Intel\hardware\arc32\1.0.5\variants\arduino_101\libarc32drv_arduino101.a(log.o)
                0x4003652c                log_printk
 .text.log_write_msg
                0x40036564       0x10 C:\Users\Marissa\AppData\Local\arduino15\packages\Intel\hardware\arc32\1.0.5\variants\arduino_101\libarc32drv_arduino101.a(log_impl_printk.o)
                0x40036564                log_write_msg
 .text.get_port
                0x40036574       0x40 C:\Users\Marissa\AppData\Local\arduino15\packages\Intel\hardware\arc32\1.0.5\variants\arduino_101\libarc32drv_arduino101.a(port.o)
 .text.get_cpu_id
                0x400365b4       0x14 C:\Users\Marissa\AppData\Local\arduino15\packages\Intel\hardware\arc32\1.0.5\variants\arduino_101\libarc32drv_arduino101.a(port.o)
                0x400365b4                get_cpu_id
 .text.port_get_port_table
                0x400365c8       0x14 C:\Users\Marissa\AppData\Local\arduino15\packages\Intel\hardware\arc32\1.0.5\variants\arduino_101\libarc32drv_arduino101.a(port.o)
                0x400365c8                port_get_port_table
 .text.port_alloc
                0x400365dc       0x60 C:\Users\Marissa\AppData\Local\arduino15\packages\Intel\hardware\arc32\1.0.5\variants\arduino_101\libarc32drv_arduino101.a(port.o)
                0x400365dc                port_alloc
 .text.port_set_handler
                0x4003663c       0x28 C:\Users\Marissa\AppData\Local\arduino15\packages\Intel\hardware\arc32\1.0.5\variants\arduino_101\libarc32drv_arduino101.a(port.o)
                0x4003663c                port_set_handler
 .text.message_alloc
                0x40036664       0x38 C:\Users\Marissa\AppData\Local\arduino15\packages\Intel\hardware\arc32\1.0.5\variants\arduino_101\libarc32drv_arduino101.a(port.o)
                0x40036664                message_alloc
 .text.port_process_message
                0x4003669c       0x3c C:\Users\Marissa\AppData\Local\arduino15\packages\Intel\hardware\arc32\1.0.5\variants\arduino_101\libarc32drv_arduino101.a(port.o)
                0x4003669c                port_process_message
 .text.port_set_cpu_id
                0x400366d8       0x24 C:\Users\Marissa\AppData\Local\arduino15\packages\Intel\hardware\arc32\1.0.5\variants\arduino_101\libarc32drv_arduino101.a(port.o)
                0x400366d8                port_set_cpu_id
 .text.port_get_cpu_id
                0x400366fc       0x18 C:\Users\Marissa\AppData\Local\arduino15\packages\Intel\hardware\arc32\1.0.5\variants\arduino_101\libarc32drv_arduino101.a(port.o)
                0x400366fc                port_get_cpu_id
 .text.set_cpu_id
                0x40036714       0x14 C:\Users\Marissa\AppData\Local\arduino15\packages\Intel\hardware\arc32\1.0.5\variants\arduino_101\libarc32drv_arduino101.a(port.o)
                0x40036714                set_cpu_id
 .text.set_cpu_message_sender
                0x40036728       0x18 C:\Users\Marissa\AppData\Local\arduino15\packages\Intel\hardware\arc32\1.0.5\variants\arduino_101\libarc32drv_arduino101.a(port.o)
                0x40036728                set_cpu_message_sender
 .text.set_cpu_free_handler
                0x40036740       0x18 C:\Users\Marissa\AppData\Local\arduino15\packages\Intel\hardware\arc32\1.0.5\variants\arduino_101\libarc32drv_arduino101.a(port.o)
                0x40036740                set_cpu_free_handler
 .text.port_send_message
                0x40036758       0x94 C:\Users\Marissa\AppData\Local\arduino15\packages\Intel\hardware\arc32\1.0.5\variants\arduino_101\libarc32drv_arduino101.a(port.o)
                0x40036758                port_send_message
 .text.message_free
                0x400367ec       0x4c C:\Users\Marissa\AppData\Local\arduino15\packages\Intel\hardware\arc32\1.0.5\variants\arduino_101\libarc32drv_arduino101.a(port.o)
                0x400367ec                message_free
 .text.queue_process_message
                0x40036838       0x48 C:\Users\Marissa\AppData\Local\arduino15\packages\Intel\hardware\arc32\1.0.5\variants\arduino_101\libarc32drv_arduino101.a(port.o)
                0x40036838                queue_process_message
 .text.get_uptime_ms
                0x40036880       0x28 C:\Users\Marissa\AppData\Local\arduino15\packages\Intel\hardware\arc32\1.0.5\variants\arduino_101\libarc32drv_arduino101.a(uptime.o)
                0x40036880                get_uptime_ms
 .text.list_init
                0x400368a8       0x14 C:\Users\Marissa\AppData\Local\arduino15\packages\Intel\hardware\arc32\1.0.5\variants\arduino_101\libarc32drv_arduino101.a(list.o)
                0x400368a8                list_init
 .text.list_add
                0x400368bc       0x28 C:\Users\Marissa\AppData\Local\arduino15\packages\Intel\hardware\arc32\1.0.5\variants\arduino_101\libarc32drv_arduino101.a(list.o)
                0x400368bc                list_add
 .text.list_foreach_del
                0x400368e4       0x60 C:\Users\Marissa\AppData\Local\arduino15\packages\Intel\hardware\arc32\1.0.5\variants\arduino_101\libarc32drv_arduino101.a(list.o)
                0x400368e4                list_foreach_del
 .text.list_get
                0x40036944       0x24 C:\Users\Marissa\AppData\Local\arduino15\packages\Intel\hardware\arc32\1.0.5\variants\arduino_101\libarc32drv_arduino101.a(list.o)
                0x40036944                list_get
 .text.cfw_alloc
                0x40036968       0x2c C:\Users\Marissa\AppData\Local\arduino15\packages\Intel\hardware\arc32\1.0.5\variants\arduino_101\libarc32drv_arduino101.a(os.o)
                0x40036968                cfw_alloc
 .text.cfw_free
                0x40036994       0x28 C:\Users\Marissa\AppData\Local\arduino15\packages\Intel\hardware\arc32\1.0.5\variants\arduino_101\libarc32drv_arduino101.a(os.o)
                0x40036994                cfw_free
 .text.balloc   0x400369bc       0x10 C:\Users\Marissa\AppData\Local\arduino15\packages\Intel\hardware\arc32\1.0.5\variants\arduino_101\libarc32drv_arduino101.a(os.o)
                0x400369bc                balloc
 .text.bfree    0x400369cc       0x18 C:\Users\Marissa\AppData\Local\arduino15\packages\Intel\hardware\arc32\1.0.5\variants\arduino_101\libarc32drv_arduino101.a(os.o)
                0x400369cc                bfree
 .text.queue_get_message
                0x400369e4       0x28 C:\Users\Marissa\AppData\Local\arduino15\packages\Intel\hardware\arc32\1.0.5\variants\arduino_101\libarc32drv_arduino101.a(os.o)
                0x400369e4                queue_get_message
 .text.queue_send_message
                0x40036a0c       0x24 C:\Users\Marissa\AppData\Local\arduino15\packages\Intel\hardware\arc32\1.0.5\variants\arduino_101\libarc32drv_arduino101.a(os.o)
                0x40036a0c                queue_send_message
 .text.queue_create
                0x40036a30       0x54 C:\Users\Marissa\AppData\Local\arduino15\packages\Intel\hardware\arc32\1.0.5\variants\arduino_101\libarc32drv_arduino101.a(os.o)
                0x40036a30                queue_create
 .text.mutex_create
                0x40036a84       0x10 C:\Users\Marissa\AppData\Local\arduino15\packages\Intel\hardware\arc32\1.0.5\variants\arduino_101\libarc32drv_arduino101.a(os.o)
                0x40036a84                mutex_create
 .text.mutex_unlock
                0x40036a94        0xc C:\Users\Marissa\AppData\Local\arduino15\packages\Intel\hardware\arc32\1.0.5\variants\arduino_101\libarc32drv_arduino101.a(os.o)
                0x40036a94                mutex_unlock
 .text.mutex_lock
                0x40036aa0       0x10 C:\Users\Marissa\AppData\Local\arduino15\packages\Intel\hardware\arc32\1.0.5\variants\arduino_101\libarc32drv_arduino101.a(os.o)
                0x40036aa0                mutex_lock
 .text.loop     0x40036ab0       0xac C:\Users\Marissa\AppData\Local\Temp\VMicroBuilds\ArduinoSensorSample\Intel_intel_arc32_arduino_101\ArduinoSensorSample.cpp.o
                0x40036ab0                loop
 .text.setup    0x40036b5c       0x44 C:\Users\Marissa\AppData\Local\Temp\VMicroBuilds\ArduinoSensorSample\Intel_intel_arc32_arduino_101\ArduinoSensorSample.cpp.o
                0x40036b5c                setup
 .text.delay    0x40036ba0       0xc4 C:\Users\Marissa\AppData\Local\Temp\VMicroBuilds\ArduinoSensorSample\Intel_intel_arc32_arduino_101/core.a(wiring.c.o)
                0x40036ba0                delay
 .text.analogWrite
                0x40036c64      0x13c C:\Users\Marissa\AppData\Local\Temp\VMicroBuilds\ArduinoSensorSample\Intel_intel_arc32_arduino_101/core.a(wiring_analog.c.o)
                0x40036c64                analogWrite
 .text.analogRead
                0x40036da0      0x110 C:\Users\Marissa\AppData\Local\Temp\VMicroBuilds\ArduinoSensorSample\Intel_intel_arc32_arduino_101/core.a(wiring_analog.c.o)
                0x40036da0                analogRead
 .text.pinMode  0x40036eb0       0xf4 C:\Users\Marissa\AppData\Local\Temp\VMicroBuilds\ArduinoSensorSample\Intel_intel_arc32_arduino_101/core.a(wiring_digital.c.o)
                0x40036eb0                pinMode
 .text.digitalWrite
                0x40036fa4       0xb0 C:\Users\Marissa\AppData\Local\Temp\VMicroBuilds\ArduinoSensorSample\Intel_intel_arc32_arduino_101/core.a(wiring_digital.c.o)
                0x40036fa4                digitalWrite
 .text.digitalRead
                0x40037054       0x48 C:\Users\Marissa\AppData\Local\Temp\VMicroBuilds\ArduinoSensorSample\Intel_intel_arc32_arduino_101/core.a(wiring_digital.c.o)
                0x40037054                digitalRead
 .text._ZN14CDCSerialClass3endEv
                0x4003709c       0x14 C:\Users\Marissa\AppData\Local\Temp\VMicroBuilds\ArduinoSensorSample\Intel_intel_arc32_arduino_101/core.a(CDCSerialClass.cpp.o)
                0x4003709c                CDCSerialClass::end()
 .text._ZN14CDCSerialClass4peekEv
                0x400370b0       0x28 C:\Users\Marissa\AppData\Local\Temp\VMicroBuilds\ArduinoSensorSample\Intel_intel_arc32_arduino_101/core.a(CDCSerialClass.cpp.o)
                0x400370b0                CDCSerialClass::peek()
 .text._ZN14CDCSerialClass4readEv
                0x400370d8       0x48 C:\Users\Marissa\AppData\Local\Temp\VMicroBuilds\ArduinoSensorSample\Intel_intel_arc32_arduino_101/core.a(CDCSerialClass.cpp.o)
                0x400370d8                CDCSerialClass::read()
 .text._ZN14CDCSerialClasscvbEv
                0x40037120       0x34 C:\Users\Marissa\AppData\Local\Temp\VMicroBuilds\ArduinoSensorSample\Intel_intel_arc32_arduino_101/core.a(CDCSerialClass.cpp.o)
                0x40037120                CDCSerialClass::operator bool()
 .text._ZN14CDCSerialClass5flushEv
                0x40037154       0x2c C:\Users\Marissa\AppData\Local\Temp\VMicroBuilds\ArduinoSensorSample\Intel_intel_arc32_arduino_101/core.a(CDCSerialClass.cpp.o)
                0x40037154                CDCSerialClass::flush()
 .text._ZN14CDCSerialClass9availableEv
                0x40037180       0x40 C:\Users\Marissa\AppData\Local\Temp\VMicroBuilds\ArduinoSensorSample\Intel_intel_arc32_arduino_101/core.a(CDCSerialClass.cpp.o)
                0x40037180                CDCSerialClass::available()
 .text._ZN14CDCSerialClass5writeEh
                0x400371c0       0x50 C:\Users\Marissa\AppData\Local\Temp\VMicroBuilds\ArduinoSensorSample\Intel_intel_arc32_arduino_101/core.a(CDCSerialClass.cpp.o)
                0x400371c0                CDCSerialClass::write(unsigned char)
 .text._ZN14CDCSerialClassC2EP14uart_init_info
                0x40037210       0x20 C:\Users\Marissa\AppData\Local\Temp\VMicroBuilds\ArduinoSensorSample\Intel_intel_arc32_arduino_101/core.a(CDCSerialClass.cpp.o)
                0x40037210                CDCSerialClass::CDCSerialClass(uart_init_info*)
                0x40037210                CDCSerialClass::CDCSerialClass(uart_init_info*)
 .text._ZN14CDCSerialClass13setSharedDataEP19cdc_acm_shared_data
                0x40037230       0x18 C:\Users\Marissa\AppData\Local\Temp\VMicroBuilds\ArduinoSensorSample\Intel_intel_arc32_arduino_101/core.a(CDCSerialClass.cpp.o)
                0x40037230                CDCSerialClass::setSharedData(cdc_acm_shared_data*)
 .text._ZN14CDCSerialClass4initEmh
                0x40037248       0x38 C:\Users\Marissa\AppData\Local\Temp\VMicroBuilds\ArduinoSensorSample\Intel_intel_arc32_arduino_101/core.a(CDCSerialClass.cpp.o)
                0x40037248                CDCSerialClass::init(unsigned long, unsigned char)
 .text._ZN14CDCSerialClass5beginEm
                0x40037280       0x10 C:\Users\Marissa\AppData\Local\Temp\VMicroBuilds\ArduinoSensorSample\Intel_intel_arc32_arduino_101/core.a(CDCSerialClass.cpp.o)
                0x40037280                CDCSerialClass::begin(unsigned long)
 .text.main     0x40037290       0x28 C:\Users\Marissa\AppData\Local\Temp\VMicroBuilds\ArduinoSensorSample\Intel_intel_arc32_arduino_101/core.a(main.cpp.o)
                0x40037290                main
 .text._ZN5Print5writeEPKhj
                0x400372b8       0x38 C:\Users\Marissa\AppData\Local\Temp\VMicroBuilds\ArduinoSensorSample\Intel_intel_arc32_arduino_101/core.a(Print.cpp.o)
                0x400372b8                Print::write(unsigned char const*, unsigned int)
 .text._ZN5Print5writeEPKc
                0x400372f0       0x44 C:\Users\Marissa\AppData\Local\Temp\VMicroBuilds\ArduinoSensorSample\Intel_intel_arc32_arduino_101/core.a(Print.cpp.o)
                0x400372f0                Print::write(char const*)
 .text._ZN5Print5printEPKc
                0x40037334       0x10 C:\Users\Marissa\AppData\Local\Temp\VMicroBuilds\ArduinoSensorSample\Intel_intel_arc32_arduino_101/core.a(Print.cpp.o)
                0x40037334                Print::print(char const*)
 .text._ZN5Print5printEc
                0x40037344       0x14 C:\Users\Marissa\AppData\Local\Temp\VMicroBuilds\ArduinoSensorSample\Intel_intel_arc32_arduino_101/core.a(Print.cpp.o)
                0x40037344                Print::print(char)
 .text._ZN5Print7printlnEv
                0x40037358       0x2c C:\Users\Marissa\AppData\Local\Temp\VMicroBuilds\ArduinoSensorSample\Intel_intel_arc32_arduino_101/core.a(Print.cpp.o)
                0x40037358                Print::println()
 .text._ZN5Print11printNumberEmh
                0x40037384       0x70 C:\Users\Marissa\AppData\Local\Temp\VMicroBuilds\ArduinoSensorSample\Intel_intel_arc32_arduino_101/core.a(Print.cpp.o)
                0x40037384                Print::printNumber(unsigned long, unsigned char)
 .text._ZN5Print5printEli
                0x400373f4       0x68 C:\Users\Marissa\AppData\Local\Temp\VMicroBuilds\ArduinoSensorSample\Intel_intel_arc32_arduino_101/core.a(Print.cpp.o)
                0x400373f4                Print::print(long, int)
 .text._ZN5Print5printEii
                0x4003745c       0x10 C:\Users\Marissa\AppData\Local\Temp\VMicroBuilds\ArduinoSensorSample\Intel_intel_arc32_arduino_101/core.a(Print.cpp.o)
                0x4003745c                Print::print(int, int)
 .text._ZN5Print7printlnEii
                0x4003746c       0x28 C:\Users\Marissa\AppData\Local\Temp\VMicroBuilds\ArduinoSensorSample\Intel_intel_arc32_arduino_101/core.a(Print.cpp.o)
                0x4003746c                Print::println(int, int)
 .text._Z3maplllll
                0x40037494       0x30 C:\Users\Marissa\AppData\Local\Temp\VMicroBuilds\ArduinoSensorSample\Intel_intel_arc32_arduino_101/core.a(WMath.cpp.o)
                0x40037494                map(long, long, long, long, long)
 .text._Z11serialEventv
                0x400374c4        0xc C:\Users\Marissa\AppData\Local\Temp\VMicroBuilds\ArduinoSensorSample\Intel_intel_arc32_arduino_101/core.a(variant.cpp.o)
                0x400374c4                serialEvent()
 .text._Z12UART_Handlerv
                0x400374d0       0x14 C:\Users\Marissa\AppData\Local\Temp\VMicroBuilds\ArduinoSensorSample\Intel_intel_arc32_arduino_101/core.a(variant.cpp.o)
                0x400374d0                UART_Handler()
 .text._Z12serialEvent1v
                0x400374e4        0xc C:\Users\Marissa\AppData\Local\Temp\VMicroBuilds\ArduinoSensorSample\Intel_intel_arc32_arduino_101/core.a(variant.cpp.o)
                0x400374e4                serialEvent1()
 .text.variantGpioInit
                0x400374f0       0xe0 C:\Users\Marissa\AppData\Local\Temp\VMicroBuilds\ArduinoSensorSample\Intel_intel_arc32_arduino_101/core.a(variant.cpp.o)
                0x400374f0                variantGpioInit
 .text.variantPwmInit
                0x400375d0       0x3c C:\Users\Marissa\AppData\Local\Temp\VMicroBuilds\ArduinoSensorSample\Intel_intel_arc32_arduino_101/core.a(variant.cpp.o)
                0x400375d0                variantPwmInit
 .text.variantAdcInit
                0x4003760c       0xa8 C:\Users\Marissa\AppData\Local\Temp\VMicroBuilds\ArduinoSensorSample\Intel_intel_arc32_arduino_101/core.a(variant.cpp.o)
                0x4003760c                variantAdcInit
 .text.initVariant
                0x400376b4       0x30 C:\Users\Marissa\AppData\Local\Temp\VMicroBuilds\ArduinoSensorSample\Intel_intel_arc32_arduino_101/core.a(variant.cpp.o)
                0x400376b4                initVariant
 .text._GLOBAL__sub_I_g_APinDescription
                0x400376e4       0x50 C:\Users\Marissa\AppData\Local\Temp\VMicroBuilds\ArduinoSensorSample\Intel_intel_arc32_arduino_101/core.a(variant.cpp.o)
 .text._Z14serialEventRunv
                0x40037734       0x38 C:\Users\Marissa\AppData\Local\Temp\VMicroBuilds\ArduinoSensorSample\Intel_intel_arc32_arduino_101/core.a(variant.cpp.o)
                0x40037734                serialEventRun()
 .text.__empty  0x4003776c        0xc C:\Users\Marissa\AppData\Local\Temp\VMicroBuilds\ArduinoSensorSample\Intel_intel_arc32_arduino_101/core.a(hooks.c.o)
                0x4003776c                yield
 .text._ZN10RingBufferC2Ev
                0x40037778       0x30 C:\Users\Marissa\AppData\Local\Temp\VMicroBuilds\ArduinoSensorSample\Intel_intel_arc32_arduino_101/core.a(RingBuffer.cpp.o)
                0x40037778                RingBuffer::RingBuffer()
                0x40037778                RingBuffer::RingBuffer()
 .text._ZN10RingBuffer10store_charEh
                0x400377a8       0x38 C:\Users\Marissa\AppData\Local\Temp\VMicroBuilds\ArduinoSensorSample\Intel_intel_arc32_arduino_101/core.a(RingBuffer.cpp.o)
                0x400377a8                RingBuffer::store_char(unsigned char)
 .text._ZN9UARTClasscvbEv
                0x400377e0       0x10 C:\Users\Marissa\AppData\Local\Temp\VMicroBuilds\ArduinoSensorSample\Intel_intel_arc32_arduino_101/core.a(UARTClass.cpp.o)
                0x400377e0                UARTClass::operator bool()
 .text._ZN9UARTClass9availableEv
                0x400377f0       0x1c C:\Users\Marissa\AppData\Local\Temp\VMicroBuilds\ArduinoSensorSample\Intel_intel_arc32_arduino_101/core.a(UARTClass.cpp.o)
                0x400377f0                UARTClass::available()
 .text._ZN9UARTClass4peekEv
                0x4003780c       0x24 C:\Users\Marissa\AppData\Local\Temp\VMicroBuilds\ArduinoSensorSample\Intel_intel_arc32_arduino_101/core.a(UARTClass.cpp.o)
                0x4003780c                UARTClass::peek()
 .text._ZN9UARTClass4readEv
                0x40037830       0x2c C:\Users\Marissa\AppData\Local\Temp\VMicroBuilds\ArduinoSensorSample\Intel_intel_arc32_arduino_101/core.a(UARTClass.cpp.o)
                0x40037830                UARTClass::read()
 .text._ZN9UARTClass3endEv
                0x4003785c       0x54 C:\Users\Marissa\AppData\Local\Temp\VMicroBuilds\ArduinoSensorSample\Intel_intel_arc32_arduino_101/core.a(UARTClass.cpp.o)
                0x4003785c                UARTClass::end()
 .text._ZN9UARTClass5flushEv
                0x400378b0       0x28 C:\Users\Marissa\AppData\Local\Temp\VMicroBuilds\ArduinoSensorSample\Intel_intel_arc32_arduino_101/core.a(UARTClass.cpp.o)
                0x400378b0                UARTClass::flush()
 .text._ZN9UARTClass5writeEh
                0x400378d8       0x68 C:\Users\Marissa\AppData\Local\Temp\VMicroBuilds\ArduinoSensorSample\Intel_intel_arc32_arduino_101/core.a(UARTClass.cpp.o)
                0x400378d8                UARTClass::write(unsigned char)
 .text._ZN9UARTClassC2EP14uart_init_infoP10RingBufferS3_
                0x40037940       0x24 C:\Users\Marissa\AppData\Local\Temp\VMicroBuilds\ArduinoSensorSample\Intel_intel_arc32_arduino_101/core.a(UARTClass.cpp.o)
                0x40037940                UARTClass::UARTClass(uart_init_info*, RingBuffer*, RingBuffer*)
                0x40037940                UARTClass::UARTClass(uart_init_info*, RingBuffer*, RingBuffer*)
 .text._ZN9UARTClass4initEmh
                0x40037964       0xc8 C:\Users\Marissa\AppData\Local\Temp\VMicroBuilds\ArduinoSensorSample\Intel_intel_arc32_arduino_101/core.a(UARTClass.cpp.o)
                0x40037964                UARTClass::init(unsigned long, unsigned char)
 .text._ZN9UARTClass5beginEmh
                0x40037a2c       0x28 C:\Users\Marissa\AppData\Local\Temp\VMicroBuilds\ArduinoSensorSample\Intel_intel_arc32_arduino_101/core.a(UARTClass.cpp.o)
                0x40037a2c                UARTClass::begin(unsigned long, unsigned char)
 .text._ZN9UARTClass5beginEm
                0x40037a54       0x10 C:\Users\Marissa\AppData\Local\Temp\VMicroBuilds\ArduinoSensorSample\Intel_intel_arc32_arduino_101/core.a(UARTClass.cpp.o)
                0x40037a54                UARTClass::begin(unsigned long)
 .text._ZN9UARTClass10IrqHandlerEv
                0x40037a64       0x74 C:\Users\Marissa\AppData\Local\Temp\VMicroBuilds\ArduinoSensorSample\Intel_intel_arc32_arduino_101/core.a(UARTClass.cpp.o)
                0x40037a64                UARTClass::IrqHandler()
                0x40037ad8                __text_end = .

ctors           0x40037ad8        0xc
                0x40037ad8                . = ALIGN (0x4)
                0x40037ad8                __CTOR_LIST__ = .
                0x40037ad8        0x4 LONG 0x1 (((__CTOR_END__ - __CTOR_LIST__) / 0x4) - 0x2)
 *(SORT(.ctors*))
 .ctors         0x40037adc        0x4 C:\Users\Marissa\AppData\Local\Temp\VMicroBuilds\ArduinoSensorSample\Intel_intel_arc32_arduino_101/core.a(variant.cpp.o)
                0x40037ae0        0x4 LONG 0x0
                0x40037ae4                __CTOR_END__ = .

rodata          0x40037ae4      0x1bc
 *(.rodata)
 .rodata        0x40037ae4        0x8 c:/users/marissa/appdata/local/arduino15/packages/intel/tools/arc-elf32/1.6.4+1.0/bin/../lib/gcc/arc-elf32/4.8.3/../../../../arc-elf32/lib\libc.a(lib_a-impure.o)
                0x40037ae8                _global_impure_ptr
 *(.rodata.*)
 .rodata.str1.4
                0x40037aec       0x95 C:\Users\Marissa\AppData\Local\arduino15\packages\Intel\hardware\arc32\1.0.5\variants\arduino_101\libarc32drv_arduino101.a(service_manager.o)
                                 0x98 (size before relaxing)
 *fill*         0x40037b81        0x3 
 .rodata.__func__.2670
                0x40037b84       0x18 C:\Users\Marissa\AppData\Local\arduino15\packages\Intel\hardware\arc32\1.0.5\variants\arduino_101\libarc32drv_arduino101.a(service_manager.o)
 .rodata.str1.4
                0x40037b9c       0x73 C:\Users\Marissa\AppData\Local\arduino15\packages\Intel\hardware\arc32\1.0.5\variants\arduino_101\libarc32drv_arduino101.a(ipc.o)
                                 0x74 (size before relaxing)
 *fill*         0x40037c0f        0x1 
 .rodata.str1.4
                0x40037c10       0x32 C:\Users\Marissa\AppData\Local\arduino15\packages\Intel\hardware\arc32\1.0.5\variants\arduino_101\libarc32drv_arduino101.a(port.o)
                                 0x34 (size before relaxing)
 *fill*         0x40037c42        0x2 
 .rodata.str1.4
                0x40037c44        0x4 C:\Users\Marissa\AppData\Local\Temp\VMicroBuilds\ArduinoSensorSample\Intel_intel_arc32_arduino_101\ArduinoSensorSample.cpp.o
 .rodata._ZTV14CDCSerialClass
                0x40037c48       0x2c C:\Users\Marissa\AppData\Local\Temp\VMicroBuilds\ArduinoSensorSample\Intel_intel_arc32_arduino_101/core.a(CDCSerialClass.cpp.o)
                0x40037c48                vtable for CDCSerialClass
 .rodata._ZTV9UARTClass
                0x40037c74       0x2c C:\Users\Marissa\AppData\Local\Temp\VMicroBuilds\ArduinoSensorSample\Intel_intel_arc32_arduino_101/core.a(UARTClass.cpp.o)
                0x40037c74                vtable for UARTClass
                0x40037ca0                __data_rom_start = ALIGN (0x4)

datas           0xa800e000      0xc60 load address 0x40037ca0
                0xa800e000                __data_ram_start = .
 *(.data)
 .data          0xa800e000       0xd4 C:\Users\Marissa\AppData\Local\arduino15\packages\Intel\hardware\arc32\1.0.5\variants\arduino_101\libarc32drv_arduino101.a(interrupt.o)
                0xa800e000                _IsrTable
 .data          0xa800e0d4      0x410 c:/users/marissa/appdata/local/arduino15/packages/intel/tools/arc-elf32/1.6.4+1.0/bin/../lib/gcc/arc-elf32/4.8.3/../../../../arc-elf32/lib\libc.a(lib_a-mallocr.o)
                0xa800e0d4                __malloc_av_
                0xa800e4dc                __malloc_trim_threshold
                0xa800e4e0                __malloc_sbrk_base
 .data          0xa800e4e4      0x428 c:/users/marissa/appdata/local/arduino15/packages/intel/tools/arc-elf32/1.6.4+1.0/bin/../lib/gcc/arc-elf32/4.8.3/../../../../arc-elf32/lib\libc.a(lib_a-impure.o)
                0xa800e908                _impure_ptr
 *(.data.*)
 .data.touchSensor
                0xa800e90c        0x4 C:\Users\Marissa\AppData\Local\Temp\VMicroBuilds\ArduinoSensorSample\Intel_intel_arc32_arduino_101\ArduinoSensorSample.cpp.o
                0xa800e90c                touchSensor
 .data._readResolution
                0xa800e910        0x4 C:\Users\Marissa\AppData\Local\Temp\VMicroBuilds\ArduinoSensorSample\Intel_intel_arc32_arduino_101/core.a(wiring_analog.c.o)
 .data._writeResolution
                0xa800e914        0x4 C:\Users\Marissa\AppData\Local\Temp\VMicroBuilds\ArduinoSensorSample\Intel_intel_arc32_arduino_101/core.a(wiring_analog.c.o)
 .data.g_APinDescription
                0xa800e918      0x348 C:\Users\Marissa\AppData\Local\Temp\VMicroBuilds\ArduinoSensorSample\Intel_intel_arc32_arduino_101/core.a(variant.cpp.o)
                0xa800e918                g_APinDescription
                0xa800ec60                __data_ram_end = .

bss             0xa800ec60      0x788 load address 0x40038900
                0xa800ec60                . = ALIGN (0x4)
                0xa800ec60                __bss_start = .
 *(.bss)
 .bss           0xa800ec60       0x34 c:/users/marissa/appdata/local/arduino15/packages/intel/tools/arc-elf32/1.6.4+1.0/bin/../lib/gcc/arc-elf32/4.8.3/../../../../arc-elf32/lib\libc.a(lib_a-mallocr.o)
                0xa800ec60                __malloc_top_pad
                0xa800ec64                __malloc_max_sbrked_mem
                0xa800ec68                __malloc_max_total_mem
                0xa800ec6c                __malloc_current_mallinfo
 .bss           0xa800ec94        0x4 c:/users/marissa/appdata/local/arduino15/packages/intel/tools/arc-elf32/1.6.4+1.0/bin/../lib/gcc/arc-elf32/4.8.3/../../../../arc-elf32/lib\libc.a(lib_a-sbrk.o)
 *(.bss.*)
 .bss.timer0_overflows
                0xa800ec98        0x4 C:\Users\Marissa\AppData\Local\arduino15\packages\Intel\hardware\arc32\1.0.5\variants\arduino_101\libarc32drv_arduino101.a(arcv2_timer0.o)
                0xa800ec98                timer0_overflows
 .bss.ble_cfw_channel
                0xa800ec9c        0x4 C:\Users\Marissa\AppData\Local\arduino15\packages\Intel\hardware\arc32\1.0.5\variants\arduino_101\libarc32drv_arduino101.a(ipc_uart_ns16550.o)
 .bss.ipc_uart_tx_state
                0xa800eca0        0x1 C:\Users\Marissa\AppData\Local\arduino15\packages\Intel\hardware\arc32\1.0.5\variants\arduino_101\libarc32drv_arduino101.a(ipc_uart_ns16550.o)
 *fill*         0xa800eca1        0x3 
 .bss.ipc_uart_tx
                0xa800eca4        0x4 C:\Users\Marissa\AppData\Local\arduino15\packages\Intel\hardware\arc32\1.0.5\variants\arduino_101\libarc32drv_arduino101.a(ipc_uart_ns16550.o)
 .bss.uart      0xa800eca8       0x10 C:\Users\Marissa\AppData\Local\arduino15\packages\Intel\hardware\arc32\1.0.5\variants\arduino_101\libarc32drv_arduino101.a(ns16550.o)
 .bss.service_mgr_queue
                0xa800ecb8        0x4 C:\Users\Marissa\AppData\Local\arduino15\packages\Intel\hardware\arc32\1.0.5\variants\arduino_101\libarc32drv_arduino101.a(cfw_platform.o)
 .bss.service_avail_listeners
                0xa800ecbc        0x8 C:\Users\Marissa\AppData\Local\arduino15\packages\Intel\hardware\arc32\1.0.5\variants\arduino_101\libarc32drv_arduino101.a(service_manager.o)
                0xa800ecbc                service_avail_listeners
 .bss.proxies   0xa800ecc4       0x10 C:\Users\Marissa\AppData\Local\arduino15\packages\Intel\hardware\arc32\1.0.5\variants\arduino_101\libarc32drv_arduino101.a(service_manager.o)
 .bss.service_mgr_port_id
                0xa800ecd4        0x4 C:\Users\Marissa\AppData\Local\arduino15\packages\Intel\hardware\arc32\1.0.5\variants\arduino_101\libarc32drv_arduino101.a(service_manager.o)
                0xa800ecd4                service_mgr_port_id
 .bss.registered_service_count
                0xa800ecd8        0x4 C:\Users\Marissa\AppData\Local\arduino15\packages\Intel\hardware\arc32\1.0.5\variants\arduino_101\libarc32drv_arduino101.a(service_manager.o)
 .bss.ipc_mutex
                0xa800ecdc        0x4 C:\Users\Marissa\AppData\Local\arduino15\packages\Intel\hardware\arc32\1.0.5\variants\arduino_101\libarc32drv_arduino101.a(ipc.o)
 .bss.remote_cpu
                0xa800ece0        0x1 C:\Users\Marissa\AppData\Local\arduino15\packages\Intel\hardware\arc32\1.0.5\variants\arduino_101\libarc32drv_arduino101.a(ipc.o)
 *fill*         0xa800ece1        0x3 
 .bss.rx_ack_chan
                0xa800ece4        0x4 C:\Users\Marissa\AppData\Local\arduino15\packages\Intel\hardware\arc32\1.0.5\variants\arduino_101\libarc32drv_arduino101.a(ipc.o)
 .bss.tx_ack_chan
                0xa800ece8        0x4 C:\Users\Marissa\AppData\Local\arduino15\packages\Intel\hardware\arc32\1.0.5\variants\arduino_101\libarc32drv_arduino101.a(ipc.o)
 .bss.tx_chan   0xa800ecec        0x4 C:\Users\Marissa\AppData\Local\arduino15\packages\Intel\hardware\arc32\1.0.5\variants\arduino_101\libarc32drv_arduino101.a(ipc.o)
 .bss.rx_chan   0xa800ecf0        0x4 C:\Users\Marissa\AppData\Local\arduino15\packages\Intel\hardware\arc32\1.0.5\variants\arduino_101\libarc32drv_arduino101.a(ipc.o)
 .bss.global_infos
                0xa800ecf4       0x33 C:\Users\Marissa\AppData\Local\arduino15\packages\Intel\hardware\arc32\1.0.5\variants\arduino_101\libarc32drv_arduino101.a(log.o)
 *fill*         0xa800ed27        0x1 
 .bss.registered_port_count
                0xa800ed28        0x4 C:\Users\Marissa\AppData\Local\arduino15\packages\Intel\hardware\arc32\1.0.5\variants\arduino_101\libarc32drv_arduino101.a(port.o)
 .bss.ports     0xa800ed2c      0x320 C:\Users\Marissa\AppData\Local\arduino15\packages\Intel\hardware\arc32\1.0.5\variants\arduino_101\libarc32drv_arduino101.a(port.o)
 .bss.this_cpu_id
                0xa800f04c        0x1 C:\Users\Marissa\AppData\Local\arduino15\packages\Intel\hardware\arc32\1.0.5\variants\arduino_101\libarc32drv_arduino101.a(port.o)
 *fill*         0xa800f04d        0x3 
 .bss.touch     0xa800f050        0x4 C:\Users\Marissa\AppData\Local\Temp\VMicroBuilds\ArduinoSensorSample\Intel_intel_arc32_arduino_101\ArduinoSensorSample.cpp.o
                0xa800f050                touch
 .bss.shaft     0xa800f054        0x4 C:\Users\Marissa\AppData\Local\Temp\VMicroBuilds\ArduinoSensorSample\Intel_intel_arc32_arduino_101\ArduinoSensorSample.cpp.o
                0xa800f054                shaft
 .bss.potentiometer
                0xa800f058        0x4 C:\Users\Marissa\AppData\Local\Temp\VMicroBuilds\ArduinoSensorSample\Intel_intel_arc32_arduino_101\ArduinoSensorSample.cpp.o
                0xa800f058                potentiometer
 .bss.Serial1   0xa800f05c       0x24 C:\Users\Marissa\AppData\Local\Temp\VMicroBuilds\ArduinoSensorSample\Intel_intel_arc32_arduino_101/core.a(variant.cpp.o)
                0xa800f05c                Serial1
 .bss.info_uart
                0xa800f080       0x10 C:\Users\Marissa\AppData\Local\Temp\VMicroBuilds\ArduinoSensorSample\Intel_intel_arc32_arduino_101/core.a(variant.cpp.o)
                0xa800f080                info_uart
 .bss.tx_buffer_uart
                0xa800f090      0x10c C:\Users\Marissa\AppData\Local\Temp\VMicroBuilds\ArduinoSensorSample\Intel_intel_arc32_arduino_101/core.a(variant.cpp.o)
                0xa800f090                tx_buffer_uart
 .bss.rx_buffer_uart
                0xa800f19c      0x10c C:\Users\Marissa\AppData\Local\Temp\VMicroBuilds\ArduinoSensorSample\Intel_intel_arc32_arduino_101/core.a(variant.cpp.o)
                0xa800f19c                rx_buffer_uart
 .bss.Serial    0xa800f2a8       0x28 C:\Users\Marissa\AppData\Local\Temp\VMicroBuilds\ArduinoSensorSample\Intel_intel_arc32_arduino_101/core.a(variant.cpp.o)
                0xa800f2a8                Serial
 .bss.info_cdc  0xa800f2d0       0x10 C:\Users\Marissa\AppData\Local\Temp\VMicroBuilds\ArduinoSensorSample\Intel_intel_arc32_arduino_101/core.a(variant.cpp.o)
                0xa800f2d0                info_cdc
 *(COMMON)
 COMMON         0xa800f2e0       0x48 C:\Users\Marissa\AppData\Local\arduino15\packages\Intel\hardware\arc32\1.0.5\variants\arduino_101\libarc32drv_arduino101.a(service_manager.o)
                0xa800f2e0                services
                0xa800f320                registered_evt_list
 COMMON         0xa800f328       0x20 C:\Users\Marissa\AppData\Local\arduino15\packages\Intel\hardware\arc32\1.0.5\variants\arduino_101\libarc32drv_arduino101.a(port.o)
                0xa800f328                ipc_handler
 COMMON         0xa800f348       0xa0 C:\Users\Marissa\AppData\Local\arduino15\packages\Intel\hardware\arc32\1.0.5\variants\arduino_101\libarc32drv_arduino101.a(os.o)
                0xa800f348                q_pool
                0xa800f3e8                __bss_end = ALIGN (0x4)

noinit
 *(.noinit)
 *(.noinit.*)
 *(.seg_rxtx)
 *(.seg_rxtx.*)

heap            0xa800f3e8     0x2000 load address 0x40039088
                0xa800f3e8                . = ALIGN (0x4)
                0xa800f3e8                __start_heap = .
                0xa80113e8                . = (. + __HEAP_SIZE_MIN)
 *fill*         0xa800f3e8     0x2000 
                0xa8012000                __end_heap = ALIGN (__PAGE_SIZE)

stack           0xa80113e8      0xa00 load address 0x4003b088
                0xa80115e8                . = (. + __firq_stack_size)
 *fill*         0xa80113e8      0x200 
                0xa80115e8                . = ALIGN (0x4)
                0xa80115e8                __firq_stack_start = .
                0xa8011de8                . = (. + __stack_size)
 *fill*         0xa80115e8      0x800 
                0xa8011de8                . = ALIGN (0x4)
                0xa8011de8                __stack_start = .
                0xa8011de8                _end = .
END GROUP
OUTPUT(C:\Users\Marissa\AppData\Local\Temp\VMicroBuilds\ArduinoSensorSample\Intel_intel_arc32_arduino_101/ArduinoSensorSample.ino.elf elf32-littlearc)

.debug_frame    0x00000000     0x2af8
 .debug_frame   0x00000000       0x44 C:\Users\Marissa\AppData\Local\arduino15\packages\Intel\hardware\arc32\1.0.5\variants\arduino_101\libarc32drv_arduino101.a(c_init.o)
 .debug_frame   0x00000044       0xf0 C:\Users\Marissa\AppData\Local\arduino15\packages\Intel\hardware\arc32\1.0.5\variants\arduino_101\libarc32drv_arduino101.a(interrupt.o)
 .debug_frame   0x00000134       0x5c C:\Users\Marissa\AppData\Local\arduino15\packages\Intel\hardware\arc32\1.0.5\variants\arduino_101\libarc32drv_arduino101.a(arcv2_timer0.o)
 .debug_frame   0x00000190      0x1c0 C:\Users\Marissa\AppData\Local\arduino15\packages\Intel\hardware\arc32\1.0.5\variants\arduino_101\libarc32drv_arduino101.a(ipc_uart_ns16550.o)
 .debug_frame   0x00000350      0x2e0 C:\Users\Marissa\AppData\Local\arduino15\packages\Intel\hardware\arc32\1.0.5\variants\arduino_101\libarc32drv_arduino101.a(ns16550.o)
 .debug_frame   0x00000630       0xfc C:\Users\Marissa\AppData\Local\arduino15\packages\Intel\hardware\arc32\1.0.5\variants\arduino_101\libarc32drv_arduino101.a(cfw_platform.o)
 .debug_frame   0x0000072c      0x120 C:\Users\Marissa\AppData\Local\arduino15\packages\Intel\hardware\arc32\1.0.5\variants\arduino_101\libarc32drv_arduino101.a(nordic_interface.o)
 .debug_frame   0x0000084c      0x134 C:\Users\Marissa\AppData\Local\arduino15\packages\Intel\hardware\arc32\1.0.5\variants\arduino_101\libarc32drv_arduino101.a(client_api.o)
 .debug_frame   0x00000980      0x230 C:\Users\Marissa\AppData\Local\arduino15\packages\Intel\hardware\arc32\1.0.5\variants\arduino_101\libarc32drv_arduino101.a(service_api.o)
 .debug_frame   0x00000bb0      0x3cc C:\Users\Marissa\AppData\Local\arduino15\packages\Intel\hardware\arc32\1.0.5\variants\arduino_101\libarc32drv_arduino101.a(service_manager.o)
 .debug_frame   0x00000f7c      0x170 C:\Users\Marissa\AppData\Local\arduino15\packages\Intel\hardware\arc32\1.0.5\variants\arduino_101\libarc32drv_arduino101.a(ipc.o)
 .debug_frame   0x000010ec       0x44 C:\Users\Marissa\AppData\Local\arduino15\packages\Intel\hardware\arc32\1.0.5\variants\arduino_101\libarc32drv_arduino101.a(ipc_callback.o)
 .debug_frame   0x00001130      0x194 C:\Users\Marissa\AppData\Local\arduino15\packages\Intel\hardware\arc32\1.0.5\variants\arduino_101\libarc32drv_arduino101.a(log.o)
 .debug_frame   0x000012c4       0x90 C:\Users\Marissa\AppData\Local\arduino15\packages\Intel\hardware\arc32\1.0.5\variants\arduino_101\libarc32drv_arduino101.a(log_impl_printk.o)
 .debug_frame   0x00001354      0x338 C:\Users\Marissa\AppData\Local\arduino15\packages\Intel\hardware\arc32\1.0.5\variants\arduino_101\libarc32drv_arduino101.a(port.o)
 .debug_frame   0x0000168c       0x50 C:\Users\Marissa\AppData\Local\arduino15\packages\Intel\hardware\arc32\1.0.5\variants\arduino_101\libarc32drv_arduino101.a(uptime.o)
 .debug_frame   0x000016dc      0x16c C:\Users\Marissa\AppData\Local\arduino15\packages\Intel\hardware\arc32\1.0.5\variants\arduino_101\libarc32drv_arduino101.a(list.o)
 .debug_frame   0x00001848      0x254 C:\Users\Marissa\AppData\Local\arduino15\packages\Intel\hardware\arc32\1.0.5\variants\arduino_101\libarc32drv_arduino101.a(os.o)
 .debug_frame   0x00001a9c       0x68 C:\Users\Marissa\AppData\Local\Temp\VMicroBuilds\ArduinoSensorSample\Intel_intel_arc32_arduino_101\ArduinoSensorSample.cpp.o
 .debug_frame   0x00001b04       0x9c C:\Users\Marissa\AppData\Local\Temp\VMicroBuilds\ArduinoSensorSample\Intel_intel_arc32_arduino_101/core.a(wiring.c.o)
 .debug_frame   0x00001ba0       0xa4 C:\Users\Marissa\AppData\Local\Temp\VMicroBuilds\ArduinoSensorSample\Intel_intel_arc32_arduino_101/core.a(wiring_analog.c.o)
 .debug_frame   0x00001c44       0x70 C:\Users\Marissa\AppData\Local\Temp\VMicroBuilds\ArduinoSensorSample\Intel_intel_arc32_arduino_101/core.a(wiring_digital.c.o)
 .debug_frame   0x00001cb4      0x1d8 C:\Users\Marissa\AppData\Local\Temp\VMicroBuilds\ArduinoSensorSample\Intel_intel_arc32_arduino_101/core.a(CDCSerialClass.cpp.o)
 .debug_frame   0x00001e8c       0x64 C:\Users\Marissa\AppData\Local\Temp\VMicroBuilds\ArduinoSensorSample\Intel_intel_arc32_arduino_101/core.a(main.cpp.o)
 .debug_frame   0x00001ef0      0x5d4 C:\Users\Marissa\AppData\Local\Temp\VMicroBuilds\ArduinoSensorSample\Intel_intel_arc32_arduino_101/core.a(Print.cpp.o)
 .debug_frame   0x000024c4      0x10c C:\Users\Marissa\AppData\Local\Temp\VMicroBuilds\ArduinoSensorSample\Intel_intel_arc32_arduino_101/core.a(WMath.cpp.o)
 .debug_frame   0x000025d0      0x1ac C:\Users\Marissa\AppData\Local\Temp\VMicroBuilds\ArduinoSensorSample\Intel_intel_arc32_arduino_101/core.a(variant.cpp.o)
 .debug_frame   0x0000277c       0x70 C:\Users\Marissa\AppData\Local\Temp\VMicroBuilds\ArduinoSensorSample\Intel_intel_arc32_arduino_101/core.a(hooks.c.o)
 .debug_frame   0x000027ec       0x64 C:\Users\Marissa\AppData\Local\Temp\VMicroBuilds\ArduinoSensorSample\Intel_intel_arc32_arduino_101/core.a(RingBuffer.cpp.o)
 .debug_frame   0x00002850      0x2a8 C:\Users\Marissa\AppData\Local\Temp\VMicroBuilds\ArduinoSensorSample\Intel_intel_arc32_arduino_101/core.a(UARTClass.cpp.o)

.debug_info     0x00000000    0x1267c
 .debug_info    0x00000000      0x1e7 C:\Users\Marissa\AppData\Local\arduino15\packages\Intel\hardware\arc32\1.0.5\variants\arduino_101\libarc32drv_arduino101.a(c_init.o)
 .debug_info    0x000001e7      0x329 C:\Users\Marissa\AppData\Local\arduino15\packages\Intel\hardware\arc32\1.0.5\variants\arduino_101\libarc32drv_arduino101.a(interrupt.o)
 .debug_info    0x00000510      0x15a C:\Users\Marissa\AppData\Local\arduino15\packages\Intel\hardware\arc32\1.0.5\variants\arduino_101\libarc32drv_arduino101.a(version.o)
 .debug_info    0x0000066a      0x137 C:\Users\Marissa\AppData\Local\arduino15\packages\Intel\hardware\arc32\1.0.5\variants\arduino_101\libarc32drv_arduino101.a(arcv2_timer0.o)
 .debug_info    0x000007a1      0xd6e C:\Users\Marissa\AppData\Local\arduino15\packages\Intel\hardware\arc32\1.0.5\variants\arduino_101\libarc32drv_arduino101.a(ipc_uart_ns16550.o)
 .debug_info    0x0000150f      0xc09 C:\Users\Marissa\AppData\Local\arduino15\packages\Intel\hardware\arc32\1.0.5\variants\arduino_101\libarc32drv_arduino101.a(ns16550.o)
 .debug_info    0x00002118      0x716 C:\Users\Marissa\AppData\Local\arduino15\packages\Intel\hardware\arc32\1.0.5\variants\arduino_101\libarc32drv_arduino101.a(cfw_platform.o)
 .debug_info    0x0000282e      0xc8d C:\Users\Marissa\AppData\Local\arduino15\packages\Intel\hardware\arc32\1.0.5\variants\arduino_101\libarc32drv_arduino101.a(nordic_interface.o)
 .debug_info    0x000034bb      0x84f C:\Users\Marissa\AppData\Local\arduino15\packages\Intel\hardware\arc32\1.0.5\variants\arduino_101\libarc32drv_arduino101.a(client_api.o)
 .debug_info    0x00003d0a      0xc5d C:\Users\Marissa\AppData\Local\arduino15\packages\Intel\hardware\arc32\1.0.5\variants\arduino_101\libarc32drv_arduino101.a(service_api.o)
 .debug_info    0x00004967     0x1656 C:\Users\Marissa\AppData\Local\arduino15\packages\Intel\hardware\arc32\1.0.5\variants\arduino_101\libarc32drv_arduino101.a(service_manager.o)
 .debug_info    0x00005fbd      0x866 C:\Users\Marissa\AppData\Local\arduino15\packages\Intel\hardware\arc32\1.0.5\variants\arduino_101\libarc32drv_arduino101.a(ipc.o)
 .debug_info    0x00006823      0x292 C:\Users\Marissa\AppData\Local\arduino15\packages\Intel\hardware\arc32\1.0.5\variants\arduino_101\libarc32drv_arduino101.a(ipc_callback.o)
 .debug_info    0x00006ab5      0x518 C:\Users\Marissa\AppData\Local\arduino15\packages\Intel\hardware\arc32\1.0.5\variants\arduino_101\libarc32drv_arduino101.a(log.o)
 .debug_info    0x00006fcd      0x182 C:\Users\Marissa\AppData\Local\arduino15\packages\Intel\hardware\arc32\1.0.5\variants\arduino_101\libarc32drv_arduino101.a(log_impl_printk.o)
 .debug_info    0x0000714f      0xa9e C:\Users\Marissa\AppData\Local\arduino15\packages\Intel\hardware\arc32\1.0.5\variants\arduino_101\libarc32drv_arduino101.a(port.o)
 .debug_info    0x00007bed       0xc9 C:\Users\Marissa\AppData\Local\arduino15\packages\Intel\hardware\arc32\1.0.5\variants\arduino_101\libarc32drv_arduino101.a(uptime.o)
 .debug_info    0x00007cb6      0x4f8 C:\Users\Marissa\AppData\Local\arduino15\packages\Intel\hardware\arc32\1.0.5\variants\arduino_101\libarc32drv_arduino101.a(list.o)
 .debug_info    0x000081ae      0x7fe C:\Users\Marissa\AppData\Local\arduino15\packages\Intel\hardware\arc32\1.0.5\variants\arduino_101\libarc32drv_arduino101.a(os.o)
 .debug_info    0x000089ac       0xea C:\Users\Marissa\AppData\Local\arduino15\packages\Intel\hardware\arc32\1.0.5\variants\arduino_101\libarc32drv_arduino101.a(init.o)
 .debug_info    0x00008a96       0xc9 c:/users/marissa/appdata/local/arduino15/packages/intel/tools/arc-elf32/1.6.4+1.0/bin/../lib/gcc/arc-elf32/4.8.3\libgcc.a(_udivsi3.o)
 .debug_info    0x00008b5f       0xc9 c:/users/marissa/appdata/local/arduino15/packages/intel/tools/arc-elf32/1.6.4+1.0/bin/../lib/gcc/arc-elf32/4.8.3\libgcc.a(_umodsi3.o)
 .debug_info    0x00008c28       0xc9 c:/users/marissa/appdata/local/arduino15/packages/intel/tools/arc-elf32/1.6.4+1.0/bin/../lib/gcc/arc-elf32/4.8.3\libgcc.a(_divmod_tools.o)
 .debug_info    0x00008cf1       0xc9 c:/users/marissa/appdata/local/arduino15/packages/intel/tools/arc-elf32/1.6.4+1.0/bin/../lib/gcc/arc-elf32/4.8.3\libgcc.a(_millicodethunk_st.o)
 .debug_info    0x00008dba       0xc9 c:/users/marissa/appdata/local/arduino15/packages/intel/tools/arc-elf32/1.6.4+1.0/bin/../lib/gcc/arc-elf32/4.8.3\libgcc.a(_millicodethunk_ld.o)
 .debug_info    0x00008e83       0xc9 c:/users/marissa/appdata/local/arduino15/packages/intel/tools/arc-elf32/1.6.4+1.0/bin/../lib/gcc/arc-elf32/4.8.3\libgcc.a(_millicodethunk_ret.o)
 .debug_info    0x00008f4c      0x50f C:\Users\Marissa\AppData\Local\Temp\VMicroBuilds\ArduinoSensorSample\Intel_intel_arc32_arduino_101\ArduinoSensorSample.cpp.o
 .debug_info    0x0000945b      0x4fd C:\Users\Marissa\AppData\Local\Temp\VMicroBuilds\ArduinoSensorSample\Intel_intel_arc32_arduino_101/core.a(wiring.c.o)
 .debug_info    0x00009958      0x5c1 C:\Users\Marissa\AppData\Local\Temp\VMicroBuilds\ArduinoSensorSample\Intel_intel_arc32_arduino_101/core.a(wiring_analog.c.o)
 .debug_info    0x00009f19      0x58b C:\Users\Marissa\AppData\Local\Temp\VMicroBuilds\ArduinoSensorSample\Intel_intel_arc32_arduino_101/core.a(wiring_digital.c.o)
 .debug_info    0x0000a4a4     0x20e6 C:\Users\Marissa\AppData\Local\Temp\VMicroBuilds\ArduinoSensorSample\Intel_intel_arc32_arduino_101/core.a(CDCSerialClass.cpp.o)
 .debug_info    0x0000c58a      0x25a C:\Users\Marissa\AppData\Local\Temp\VMicroBuilds\ArduinoSensorSample\Intel_intel_arc32_arduino_101/core.a(main.cpp.o)
 .debug_info    0x0000c7e4     0x2aa5 C:\Users\Marissa\AppData\Local\Temp\VMicroBuilds\ArduinoSensorSample\Intel_intel_arc32_arduino_101/core.a(Print.cpp.o)
 .debug_info    0x0000f289      0x252 C:\Users\Marissa\AppData\Local\Temp\VMicroBuilds\ArduinoSensorSample\Intel_intel_arc32_arduino_101/core.a(WMath.cpp.o)
 .debug_info    0x0000f4db      0xaee C:\Users\Marissa\AppData\Local\Temp\VMicroBuilds\ArduinoSensorSample\Intel_intel_arc32_arduino_101/core.a(variant.cpp.o)
 .debug_info    0x0000ffc9       0x60 C:\Users\Marissa\AppData\Local\Temp\VMicroBuilds\ArduinoSensorSample\Intel_intel_arc32_arduino_101/core.a(hooks.c.o)
 .debug_info    0x00010029      0x208 C:\Users\Marissa\AppData\Local\Temp\VMicroBuilds\ArduinoSensorSample\Intel_intel_arc32_arduino_101/core.a(RingBuffer.cpp.o)
 .debug_info    0x00010231     0x2382 C:\Users\Marissa\AppData\Local\Temp\VMicroBuilds\ArduinoSensorSample\Intel_intel_arc32_arduino_101/core.a(UARTClass.cpp.o)
 .debug_info    0x000125b3       0xc9 c:/users/marissa/appdata/local/arduino15/packages/intel/tools/arc-elf32/1.6.4+1.0/bin/../lib/gcc/arc-elf32/4.8.3\libgcc.a(_divsi3.o)

.debug_abbrev   0x00000000     0x4454
 .debug_abbrev  0x00000000      0x145 C:\Users\Marissa\AppData\Local\arduino15\packages\Intel\hardware\arc32\1.0.5\variants\arduino_101\libarc32drv_arduino101.a(c_init.o)
 .debug_abbrev  0x00000145      0x176 C:\Users\Marissa\AppData\Local\arduino15\packages\Intel\hardware\arc32\1.0.5\variants\arduino_101\libarc32drv_arduino101.a(interrupt.o)
 .debug_abbrev  0x000002bb       0x7b C:\Users\Marissa\AppData\Local\arduino15\packages\Intel\hardware\arc32\1.0.5\variants\arduino_101\libarc32drv_arduino101.a(version.o)
 .debug_abbrev  0x00000336      0x119 C:\Users\Marissa\AppData\Local\arduino15\packages\Intel\hardware\arc32\1.0.5\variants\arduino_101\libarc32drv_arduino101.a(arcv2_timer0.o)
 .debug_abbrev  0x0000044f      0x33e C:\Users\Marissa\AppData\Local\arduino15\packages\Intel\hardware\arc32\1.0.5\variants\arduino_101\libarc32drv_arduino101.a(ipc_uart_ns16550.o)
 .debug_abbrev  0x0000078d      0x283 C:\Users\Marissa\AppData\Local\arduino15\packages\Intel\hardware\arc32\1.0.5\variants\arduino_101\libarc32drv_arduino101.a(ns16550.o)
 .debug_abbrev  0x00000a10      0x26b C:\Users\Marissa\AppData\Local\arduino15\packages\Intel\hardware\arc32\1.0.5\variants\arduino_101\libarc32drv_arduino101.a(cfw_platform.o)
 .debug_abbrev  0x00000c7b      0x269 C:\Users\Marissa\AppData\Local\arduino15\packages\Intel\hardware\arc32\1.0.5\variants\arduino_101\libarc32drv_arduino101.a(nordic_interface.o)
 .debug_abbrev  0x00000ee4      0x244 C:\Users\Marissa\AppData\Local\arduino15\packages\Intel\hardware\arc32\1.0.5\variants\arduino_101\libarc32drv_arduino101.a(client_api.o)
 .debug_abbrev  0x00001128      0x26f C:\Users\Marissa\AppData\Local\arduino15\packages\Intel\hardware\arc32\1.0.5\variants\arduino_101\libarc32drv_arduino101.a(service_api.o)
 .debug_abbrev  0x00001397      0x42b C:\Users\Marissa\AppData\Local\arduino15\packages\Intel\hardware\arc32\1.0.5\variants\arduino_101\libarc32drv_arduino101.a(service_manager.o)
 .debug_abbrev  0x000017c2      0x255 C:\Users\Marissa\AppData\Local\arduino15\packages\Intel\hardware\arc32\1.0.5\variants\arduino_101\libarc32drv_arduino101.a(ipc.o)
 .debug_abbrev  0x00001a17      0x160 C:\Users\Marissa\AppData\Local\arduino15\packages\Intel\hardware\arc32\1.0.5\variants\arduino_101\libarc32drv_arduino101.a(ipc_callback.o)
 .debug_abbrev  0x00001b77      0x1a0 C:\Users\Marissa\AppData\Local\arduino15\packages\Intel\hardware\arc32\1.0.5\variants\arduino_101\libarc32drv_arduino101.a(log.o)
 .debug_abbrev  0x00001d17       0xe6 C:\Users\Marissa\AppData\Local\arduino15\packages\Intel\hardware\arc32\1.0.5\variants\arduino_101\libarc32drv_arduino101.a(log_impl_printk.o)
 .debug_abbrev  0x00001dfd      0x36d C:\Users\Marissa\AppData\Local\arduino15\packages\Intel\hardware\arc32\1.0.5\variants\arduino_101\libarc32drv_arduino101.a(port.o)
 .debug_abbrev  0x0000216a       0x7f C:\Users\Marissa\AppData\Local\arduino15\packages\Intel\hardware\arc32\1.0.5\variants\arduino_101\libarc32drv_arduino101.a(uptime.o)
 .debug_abbrev  0x000021e9      0x1c1 C:\Users\Marissa\AppData\Local\arduino15\packages\Intel\hardware\arc32\1.0.5\variants\arduino_101\libarc32drv_arduino101.a(list.o)
 .debug_abbrev  0x000023aa      0x2af C:\Users\Marissa\AppData\Local\arduino15\packages\Intel\hardware\arc32\1.0.5\variants\arduino_101\libarc32drv_arduino101.a(os.o)
 .debug_abbrev  0x00002659       0x14 C:\Users\Marissa\AppData\Local\arduino15\packages\Intel\hardware\arc32\1.0.5\variants\arduino_101\libarc32drv_arduino101.a(init.o)
 .debug_abbrev  0x0000266d       0x14 c:/users/marissa/appdata/local/arduino15/packages/intel/tools/arc-elf32/1.6.4+1.0/bin/../lib/gcc/arc-elf32/4.8.3\libgcc.a(_udivsi3.o)
 .debug_abbrev  0x00002681       0x14 c:/users/marissa/appdata/local/arduino15/packages/intel/tools/arc-elf32/1.6.4+1.0/bin/../lib/gcc/arc-elf32/4.8.3\libgcc.a(_umodsi3.o)
 .debug_abbrev  0x00002695       0x14 c:/users/marissa/appdata/local/arduino15/packages/intel/tools/arc-elf32/1.6.4+1.0/bin/../lib/gcc/arc-elf32/4.8.3\libgcc.a(_divmod_tools.o)
 .debug_abbrev  0x000026a9       0x14 c:/users/marissa/appdata/local/arduino15/packages/intel/tools/arc-elf32/1.6.4+1.0/bin/../lib/gcc/arc-elf32/4.8.3\libgcc.a(_millicodethunk_st.o)
 .debug_abbrev  0x000026bd       0x14 c:/users/marissa/appdata/local/arduino15/packages/intel/tools/arc-elf32/1.6.4+1.0/bin/../lib/gcc/arc-elf32/4.8.3\libgcc.a(_millicodethunk_ld.o)
 .debug_abbrev  0x000026d1       0x14 c:/users/marissa/appdata/local/arduino15/packages/intel/tools/arc-elf32/1.6.4+1.0/bin/../lib/gcc/arc-elf32/4.8.3\libgcc.a(_millicodethunk_ret.o)
 .debug_abbrev  0x000026e5      0x1d3 C:\Users\Marissa\AppData\Local\Temp\VMicroBuilds\ArduinoSensorSample\Intel_intel_arc32_arduino_101\ArduinoSensorSample.cpp.o
 .debug_abbrev  0x000028b8      0x1e0 C:\Users\Marissa\AppData\Local\Temp\VMicroBuilds\ArduinoSensorSample\Intel_intel_arc32_arduino_101/core.a(wiring.c.o)
 .debug_abbrev  0x00002a98      0x235 C:\Users\Marissa\AppData\Local\Temp\VMicroBuilds\ArduinoSensorSample\Intel_intel_arc32_arduino_101/core.a(wiring_analog.c.o)
 .debug_abbrev  0x00002ccd      0x1a6 C:\Users\Marissa\AppData\Local\Temp\VMicroBuilds\ArduinoSensorSample\Intel_intel_arc32_arduino_101/core.a(wiring_digital.c.o)
 .debug_abbrev  0x00002e73      0x482 C:\Users\Marissa\AppData\Local\Temp\VMicroBuilds\ArduinoSensorSample\Intel_intel_arc32_arduino_101/core.a(CDCSerialClass.cpp.o)
 .debug_abbrev  0x000032f5       0xfb C:\Users\Marissa\AppData\Local\Temp\VMicroBuilds\ArduinoSensorSample\Intel_intel_arc32_arduino_101/core.a(main.cpp.o)
 .debug_abbrev  0x000033f0      0x4cc C:\Users\Marissa\AppData\Local\Temp\VMicroBuilds\ArduinoSensorSample\Intel_intel_arc32_arduino_101/core.a(Print.cpp.o)
 .debug_abbrev  0x000038bc      0x141 C:\Users\Marissa\AppData\Local\Temp\VMicroBuilds\ArduinoSensorSample\Intel_intel_arc32_arduino_101/core.a(WMath.cpp.o)
 .debug_abbrev  0x000039fd      0x39f C:\Users\Marissa\AppData\Local\Temp\VMicroBuilds\ArduinoSensorSample\Intel_intel_arc32_arduino_101/core.a(variant.cpp.o)
 .debug_abbrev  0x00003d9c       0x47 C:\Users\Marissa\AppData\Local\Temp\VMicroBuilds\ArduinoSensorSample\Intel_intel_arc32_arduino_101/core.a(hooks.c.o)
 .debug_abbrev  0x00003de3      0x18f C:\Users\Marissa\AppData\Local\Temp\VMicroBuilds\ArduinoSensorSample\Intel_intel_arc32_arduino_101/core.a(RingBuffer.cpp.o)
 .debug_abbrev  0x00003f72      0x4ce C:\Users\Marissa\AppData\Local\Temp\VMicroBuilds\ArduinoSensorSample\Intel_intel_arc32_arduino_101/core.a(UARTClass.cpp.o)
 .debug_abbrev  0x00004440       0x14 c:/users/marissa/appdata/local/arduino15/packages/intel/tools/arc-elf32/1.6.4+1.0/bin/../lib/gcc/arc-elf32/4.8.3\libgcc.a(_divsi3.o)

.debug_loc      0x00000000     0x5fc6
 .debug_loc     0x00000000       0x45 C:\Users\Marissa\AppData\Local\arduino15\packages\Intel\hardware\arc32\1.0.5\variants\arduino_101\libarc32drv_arduino101.a(c_init.o)
 .debug_loc     0x00000045       0xab C:\Users\Marissa\AppData\Local\arduino15\packages\Intel\hardware\arc32\1.0.5\variants\arduino_101\libarc32drv_arduino101.a(interrupt.o)
 .debug_loc     0x000000f0      0x46d C:\Users\Marissa\AppData\Local\arduino15\packages\Intel\hardware\arc32\1.0.5\variants\arduino_101\libarc32drv_arduino101.a(ipc_uart_ns16550.o)
 .debug_loc     0x0000055d      0x940 C:\Users\Marissa\AppData\Local\arduino15\packages\Intel\hardware\arc32\1.0.5\variants\arduino_101\libarc32drv_arduino101.a(ns16550.o)
 .debug_loc     0x00000e9d       0x58 C:\Users\Marissa\AppData\Local\arduino15\packages\Intel\hardware\arc32\1.0.5\variants\arduino_101\libarc32drv_arduino101.a(cfw_platform.o)
 .debug_loc     0x00000ef5      0x370 C:\Users\Marissa\AppData\Local\arduino15\packages\Intel\hardware\arc32\1.0.5\variants\arduino_101\libarc32drv_arduino101.a(nordic_interface.o)
 .debug_loc     0x00001265      0x316 C:\Users\Marissa\AppData\Local\arduino15\packages\Intel\hardware\arc32\1.0.5\variants\arduino_101\libarc32drv_arduino101.a(client_api.o)
 .debug_loc     0x0000157b      0x505 C:\Users\Marissa\AppData\Local\arduino15\packages\Intel\hardware\arc32\1.0.5\variants\arduino_101\libarc32drv_arduino101.a(service_api.o)
 .debug_loc     0x00001a80      0xb4e C:\Users\Marissa\AppData\Local\arduino15\packages\Intel\hardware\arc32\1.0.5\variants\arduino_101\libarc32drv_arduino101.a(service_manager.o)
 .debug_loc     0x000025ce      0x3c0 C:\Users\Marissa\AppData\Local\arduino15\packages\Intel\hardware\arc32\1.0.5\variants\arduino_101\libarc32drv_arduino101.a(ipc.o)
 .debug_loc     0x0000298e      0x203 C:\Users\Marissa\AppData\Local\arduino15\packages\Intel\hardware\arc32\1.0.5\variants\arduino_101\libarc32drv_arduino101.a(ipc_callback.o)
 .debug_loc     0x00002b91      0x252 C:\Users\Marissa\AppData\Local\arduino15\packages\Intel\hardware\arc32\1.0.5\variants\arduino_101\libarc32drv_arduino101.a(log.o)
 .debug_loc     0x00002de3       0x21 C:\Users\Marissa\AppData\Local\arduino15\packages\Intel\hardware\arc32\1.0.5\variants\arduino_101\libarc32drv_arduino101.a(log_impl_printk.o)
 .debug_loc     0x00002e04      0x48e C:\Users\Marissa\AppData\Local\arduino15\packages\Intel\hardware\arc32\1.0.5\variants\arduino_101\libarc32drv_arduino101.a(port.o)
 .debug_loc     0x00003292      0x2ce C:\Users\Marissa\AppData\Local\arduino15\packages\Intel\hardware\arc32\1.0.5\variants\arduino_101\libarc32drv_arduino101.a(list.o)
 .debug_loc     0x00003560      0x42f C:\Users\Marissa\AppData\Local\arduino15\packages\Intel\hardware\arc32\1.0.5\variants\arduino_101\libarc32drv_arduino101.a(os.o)
 .debug_loc     0x0000398f       0x17 C:\Users\Marissa\AppData\Local\Temp\VMicroBuilds\ArduinoSensorSample\Intel_intel_arc32_arduino_101\ArduinoSensorSample.cpp.o
 .debug_loc     0x000039a6      0x128 C:\Users\Marissa\AppData\Local\Temp\VMicroBuilds\ArduinoSensorSample\Intel_intel_arc32_arduino_101/core.a(wiring.c.o)
 .debug_loc     0x00003ace      0x212 C:\Users\Marissa\AppData\Local\Temp\VMicroBuilds\ArduinoSensorSample\Intel_intel_arc32_arduino_101/core.a(wiring_analog.c.o)
 .debug_loc     0x00003ce0      0x1ef C:\Users\Marissa\AppData\Local\Temp\VMicroBuilds\ArduinoSensorSample\Intel_intel_arc32_arduino_101/core.a(wiring_digital.c.o)
 .debug_loc     0x00003ecf      0x3cc C:\Users\Marissa\AppData\Local\Temp\VMicroBuilds\ArduinoSensorSample\Intel_intel_arc32_arduino_101/core.a(CDCSerialClass.cpp.o)
 .debug_loc     0x0000429b     0x15ff C:\Users\Marissa\AppData\Local\Temp\VMicroBuilds\ArduinoSensorSample\Intel_intel_arc32_arduino_101/core.a(Print.cpp.o)
 .debug_loc     0x0000589a      0x19a C:\Users\Marissa\AppData\Local\Temp\VMicroBuilds\ArduinoSensorSample\Intel_intel_arc32_arduino_101/core.a(WMath.cpp.o)
 .debug_loc     0x00005a34      0x131 C:\Users\Marissa\AppData\Local\Temp\VMicroBuilds\ArduinoSensorSample\Intel_intel_arc32_arduino_101/core.a(variant.cpp.o)
 .debug_loc     0x00005b65       0x4d C:\Users\Marissa\AppData\Local\Temp\VMicroBuilds\ArduinoSensorSample\Intel_intel_arc32_arduino_101/core.a(RingBuffer.cpp.o)
 .debug_loc     0x00005bb2      0x414 C:\Users\Marissa\AppData\Local\Temp\VMicroBuilds\ArduinoSensorSample\Intel_intel_arc32_arduino_101/core.a(UARTClass.cpp.o)

.debug_aranges  0x00000000      0xbf0
 .debug_aranges
                0x00000000       0x20 C:\Users\Marissa\AppData\Local\arduino15\packages\Intel\hardware\arc32\1.0.5\variants\arduino_101\libarc32drv_arduino101.a(c_init.o)
 .debug_aranges
                0x00000020       0x50 C:\Users\Marissa\AppData\Local\arduino15\packages\Intel\hardware\arc32\1.0.5\variants\arduino_101\libarc32drv_arduino101.a(interrupt.o)
 .debug_aranges
                0x00000070       0x18 C:\Users\Marissa\AppData\Local\arduino15\packages\Intel\hardware\arc32\1.0.5\variants\arduino_101\libarc32drv_arduino101.a(version.o)
 .debug_aranges
                0x00000088       0x28 C:\Users\Marissa\AppData\Local\arduino15\packages\Intel\hardware\arc32\1.0.5\variants\arduino_101\libarc32drv_arduino101.a(arcv2_timer0.o)
 .debug_aranges
                0x000000b0       0x68 C:\Users\Marissa\AppData\Local\arduino15\packages\Intel\hardware\arc32\1.0.5\variants\arduino_101\libarc32drv_arduino101.a(ipc_uart_ns16550.o)
 .debug_aranges
                0x00000118       0xc0 C:\Users\Marissa\AppData\Local\arduino15\packages\Intel\hardware\arc32\1.0.5\variants\arduino_101\libarc32drv_arduino101.a(ns16550.o)
 .debug_aranges
                0x000001d8       0x48 C:\Users\Marissa\AppData\Local\arduino15\packages\Intel\hardware\arc32\1.0.5\variants\arduino_101\libarc32drv_arduino101.a(cfw_platform.o)
 .debug_aranges
                0x00000220       0x48 C:\Users\Marissa\AppData\Local\arduino15\packages\Intel\hardware\arc32\1.0.5\variants\arduino_101\libarc32drv_arduino101.a(nordic_interface.o)
 .debug_aranges
                0x00000268       0x48 C:\Users\Marissa\AppData\Local\arduino15\packages\Intel\hardware\arc32\1.0.5\variants\arduino_101\libarc32drv_arduino101.a(client_api.o)
 .debug_aranges
                0x000002b0       0x78 C:\Users\Marissa\AppData\Local\arduino15\packages\Intel\hardware\arc32\1.0.5\variants\arduino_101\libarc32drv_arduino101.a(service_api.o)
 .debug_aranges
                0x00000328       0xc0 C:\Users\Marissa\AppData\Local\arduino15\packages\Intel\hardware\arc32\1.0.5\variants\arduino_101\libarc32drv_arduino101.a(service_manager.o)
 .debug_aranges
                0x000003e8       0x58 C:\Users\Marissa\AppData\Local\arduino15\packages\Intel\hardware\arc32\1.0.5\variants\arduino_101\libarc32drv_arduino101.a(ipc.o)
 .debug_aranges
                0x00000440       0x20 C:\Users\Marissa\AppData\Local\arduino15\packages\Intel\hardware\arc32\1.0.5\variants\arduino_101\libarc32drv_arduino101.a(ipc_callback.o)
 .debug_aranges
                0x00000460       0x70 C:\Users\Marissa\AppData\Local\arduino15\packages\Intel\hardware\arc32\1.0.5\variants\arduino_101\libarc32drv_arduino101.a(log.o)
 .debug_aranges
                0x000004d0       0x38 C:\Users\Marissa\AppData\Local\arduino15\packages\Intel\hardware\arc32\1.0.5\variants\arduino_101\libarc32drv_arduino101.a(log_impl_printk.o)
 .debug_aranges
                0x00000508       0xa8 C:\Users\Marissa\AppData\Local\arduino15\packages\Intel\hardware\arc32\1.0.5\variants\arduino_101\libarc32drv_arduino101.a(port.o)
 .debug_aranges
                0x000005b0       0x28 C:\Users\Marissa\AppData\Local\arduino15\packages\Intel\hardware\arc32\1.0.5\variants\arduino_101\libarc32drv_arduino101.a(uptime.o)
 .debug_aranges
                0x000005d8       0x60 C:\Users\Marissa\AppData\Local\arduino15\packages\Intel\hardware\arc32\1.0.5\variants\arduino_101\libarc32drv_arduino101.a(list.o)
 .debug_aranges
                0x00000638       0x88 C:\Users\Marissa\AppData\Local\arduino15\packages\Intel\hardware\arc32\1.0.5\variants\arduino_101\libarc32drv_arduino101.a(os.o)
 .debug_aranges
                0x000006c0       0x20 C:\Users\Marissa\AppData\Local\arduino15\packages\Intel\hardware\arc32\1.0.5\variants\arduino_101\libarc32drv_arduino101.a(init.o)
 .debug_aranges
                0x000006e0       0x20 c:/users/marissa/appdata/local/arduino15/packages/intel/tools/arc-elf32/1.6.4+1.0/bin/../lib/gcc/arc-elf32/4.8.3\libgcc.a(_udivsi3.o)
 .debug_aranges
                0x00000700       0x20 c:/users/marissa/appdata/local/arduino15/packages/intel/tools/arc-elf32/1.6.4+1.0/bin/../lib/gcc/arc-elf32/4.8.3\libgcc.a(_umodsi3.o)
 .debug_aranges
                0x00000720       0x20 c:/users/marissa/appdata/local/arduino15/packages/intel/tools/arc-elf32/1.6.4+1.0/bin/../lib/gcc/arc-elf32/4.8.3\libgcc.a(_divmod_tools.o)
 .debug_aranges
                0x00000740       0x20 c:/users/marissa/appdata/local/arduino15/packages/intel/tools/arc-elf32/1.6.4+1.0/bin/../lib/gcc/arc-elf32/4.8.3\libgcc.a(_millicodethunk_st.o)
 .debug_aranges
                0x00000760       0x20 c:/users/marissa/appdata/local/arduino15/packages/intel/tools/arc-elf32/1.6.4+1.0/bin/../lib/gcc/arc-elf32/4.8.3\libgcc.a(_millicodethunk_ld.o)
 .debug_aranges
                0x00000780       0x20 c:/users/marissa/appdata/local/arduino15/packages/intel/tools/arc-elf32/1.6.4+1.0/bin/../lib/gcc/arc-elf32/4.8.3\libgcc.a(_millicodethunk_ret.o)
 .debug_aranges
                0x000007a0       0x28 C:\Users\Marissa\AppData\Local\Temp\VMicroBuilds\ArduinoSensorSample\Intel_intel_arc32_arduino_101\ArduinoSensorSample.cpp.o
 .debug_aranges
                0x000007c8       0x30 C:\Users\Marissa\AppData\Local\Temp\VMicroBuilds\ArduinoSensorSample\Intel_intel_arc32_arduino_101/core.a(wiring.c.o)
 .debug_aranges
                0x000007f8       0x38 C:\Users\Marissa\AppData\Local\Temp\VMicroBuilds\ArduinoSensorSample\Intel_intel_arc32_arduino_101/core.a(wiring_analog.c.o)
 .debug_aranges
                0x00000830       0x30 C:\Users\Marissa\AppData\Local\Temp\VMicroBuilds\ArduinoSensorSample\Intel_intel_arc32_arduino_101/core.a(wiring_digital.c.o)
 .debug_aranges
                0x00000860       0x80 C:\Users\Marissa\AppData\Local\Temp\VMicroBuilds\ArduinoSensorSample\Intel_intel_arc32_arduino_101/core.a(CDCSerialClass.cpp.o)
 .debug_aranges
                0x000008e0       0x28 C:\Users\Marissa\AppData\Local\Temp\VMicroBuilds\ArduinoSensorSample\Intel_intel_arc32_arduino_101/core.a(main.cpp.o)
 .debug_aranges
                0x00000908      0x118 C:\Users\Marissa\AppData\Local\Temp\VMicroBuilds\ArduinoSensorSample\Intel_intel_arc32_arduino_101/core.a(Print.cpp.o)
 .debug_aranges
                0x00000a20       0x48 C:\Users\Marissa\AppData\Local\Temp\VMicroBuilds\ArduinoSensorSample\Intel_intel_arc32_arduino_101/core.a(WMath.cpp.o)
 .debug_aranges
                0x00000a68       0x70 C:\Users\Marissa\AppData\Local\Temp\VMicroBuilds\ArduinoSensorSample\Intel_intel_arc32_arduino_101/core.a(variant.cpp.o)
 .debug_aranges
                0x00000ad8       0x30 C:\Users\Marissa\AppData\Local\Temp\VMicroBuilds\ArduinoSensorSample\Intel_intel_arc32_arduino_101/core.a(hooks.c.o)
 .debug_aranges
                0x00000b08       0x28 C:\Users\Marissa\AppData\Local\Temp\VMicroBuilds\ArduinoSensorSample\Intel_intel_arc32_arduino_101/core.a(RingBuffer.cpp.o)
 .debug_aranges
                0x00000b30       0xa0 C:\Users\Marissa\AppData\Local\Temp\VMicroBuilds\ArduinoSensorSample\Intel_intel_arc32_arduino_101/core.a(UARTClass.cpp.o)
 .debug_aranges
                0x00000bd0       0x20 c:/users/marissa/appdata/local/arduino15/packages/intel/tools/arc-elf32/1.6.4+1.0/bin/../lib/gcc/arc-elf32/4.8.3\libgcc.a(_divsi3.o)

.debug_ranges   0x00000000      0xde0
 .debug_ranges  0x00000000       0x10 C:\Users\Marissa\AppData\Local\arduino15\packages\Intel\hardware\arc32\1.0.5\variants\arduino_101\libarc32drv_arduino101.a(c_init.o)
 .debug_ranges  0x00000010       0x40 C:\Users\Marissa\AppData\Local\arduino15\packages\Intel\hardware\arc32\1.0.5\variants\arduino_101\libarc32drv_arduino101.a(interrupt.o)
 .debug_ranges  0x00000050       0x18 C:\Users\Marissa\AppData\Local\arduino15\packages\Intel\hardware\arc32\1.0.5\variants\arduino_101\libarc32drv_arduino101.a(arcv2_timer0.o)
 .debug_ranges  0x00000068       0x70 C:\Users\Marissa\AppData\Local\arduino15\packages\Intel\hardware\arc32\1.0.5\variants\arduino_101\libarc32drv_arduino101.a(ipc_uart_ns16550.o)
 .debug_ranges  0x000000d8      0x110 C:\Users\Marissa\AppData\Local\arduino15\packages\Intel\hardware\arc32\1.0.5\variants\arduino_101\libarc32drv_arduino101.a(ns16550.o)
 .debug_ranges  0x000001e8       0x38 C:\Users\Marissa\AppData\Local\arduino15\packages\Intel\hardware\arc32\1.0.5\variants\arduino_101\libarc32drv_arduino101.a(cfw_platform.o)
 .debug_ranges  0x00000220       0x38 C:\Users\Marissa\AppData\Local\arduino15\packages\Intel\hardware\arc32\1.0.5\variants\arduino_101\libarc32drv_arduino101.a(nordic_interface.o)
 .debug_ranges  0x00000258       0x38 C:\Users\Marissa\AppData\Local\arduino15\packages\Intel\hardware\arc32\1.0.5\variants\arduino_101\libarc32drv_arduino101.a(client_api.o)
 .debug_ranges  0x00000290       0x80 C:\Users\Marissa\AppData\Local\arduino15\packages\Intel\hardware\arc32\1.0.5\variants\arduino_101\libarc32drv_arduino101.a(service_api.o)
 .debug_ranges  0x00000310       0xd0 C:\Users\Marissa\AppData\Local\arduino15\packages\Intel\hardware\arc32\1.0.5\variants\arduino_101\libarc32drv_arduino101.a(service_manager.o)
 .debug_ranges  0x000003e0       0x48 C:\Users\Marissa\AppData\Local\arduino15\packages\Intel\hardware\arc32\1.0.5\variants\arduino_101\libarc32drv_arduino101.a(ipc.o)
 .debug_ranges  0x00000428       0x10 C:\Users\Marissa\AppData\Local\arduino15\packages\Intel\hardware\arc32\1.0.5\variants\arduino_101\libarc32drv_arduino101.a(ipc_callback.o)
 .debug_ranges  0x00000438       0x60 C:\Users\Marissa\AppData\Local\arduino15\packages\Intel\hardware\arc32\1.0.5\variants\arduino_101\libarc32drv_arduino101.a(log.o)
 .debug_ranges  0x00000498       0x28 C:\Users\Marissa\AppData\Local\arduino15\packages\Intel\hardware\arc32\1.0.5\variants\arduino_101\libarc32drv_arduino101.a(log_impl_printk.o)
 .debug_ranges  0x000004c0       0x98 C:\Users\Marissa\AppData\Local\arduino15\packages\Intel\hardware\arc32\1.0.5\variants\arduino_101\libarc32drv_arduino101.a(port.o)
 .debug_ranges  0x00000558       0x18 C:\Users\Marissa\AppData\Local\arduino15\packages\Intel\hardware\arc32\1.0.5\variants\arduino_101\libarc32drv_arduino101.a(uptime.o)
 .debug_ranges  0x00000570       0x68 C:\Users\Marissa\AppData\Local\arduino15\packages\Intel\hardware\arc32\1.0.5\variants\arduino_101\libarc32drv_arduino101.a(list.o)
 .debug_ranges  0x000005d8       0x78 C:\Users\Marissa\AppData\Local\arduino15\packages\Intel\hardware\arc32\1.0.5\variants\arduino_101\libarc32drv_arduino101.a(os.o)
 .debug_ranges  0x00000650       0x38 C:\Users\Marissa\AppData\Local\Temp\VMicroBuilds\ArduinoSensorSample\Intel_intel_arc32_arduino_101\ArduinoSensorSample.cpp.o
 .debug_ranges  0x00000688       0x38 C:\Users\Marissa\AppData\Local\Temp\VMicroBuilds\ArduinoSensorSample\Intel_intel_arc32_arduino_101/core.a(wiring.c.o)
 .debug_ranges  0x000006c0       0x40 C:\Users\Marissa\AppData\Local\Temp\VMicroBuilds\ArduinoSensorSample\Intel_intel_arc32_arduino_101/core.a(wiring_analog.c.o)
 .debug_ranges  0x00000700       0x50 C:\Users\Marissa\AppData\Local\Temp\VMicroBuilds\ArduinoSensorSample\Intel_intel_arc32_arduino_101/core.a(wiring_digital.c.o)
 .debug_ranges  0x00000750      0x148 C:\Users\Marissa\AppData\Local\Temp\VMicroBuilds\ArduinoSensorSample\Intel_intel_arc32_arduino_101/core.a(CDCSerialClass.cpp.o)
 .debug_ranges  0x00000898       0x18 C:\Users\Marissa\AppData\Local\Temp\VMicroBuilds\ArduinoSensorSample\Intel_intel_arc32_arduino_101/core.a(main.cpp.o)
 .debug_ranges  0x000008b0      0x260 C:\Users\Marissa\AppData\Local\Temp\VMicroBuilds\ArduinoSensorSample\Intel_intel_arc32_arduino_101/core.a(Print.cpp.o)
 .debug_ranges  0x00000b10       0x38 C:\Users\Marissa\AppData\Local\Temp\VMicroBuilds\ArduinoSensorSample\Intel_intel_arc32_arduino_101/core.a(WMath.cpp.o)
 .debug_ranges  0x00000b48       0xb0 C:\Users\Marissa\AppData\Local\Temp\VMicroBuilds\ArduinoSensorSample\Intel_intel_arc32_arduino_101/core.a(variant.cpp.o)
 .debug_ranges  0x00000bf8       0x20 C:\Users\Marissa\AppData\Local\Temp\VMicroBuilds\ArduinoSensorSample\Intel_intel_arc32_arduino_101/core.a(hooks.c.o)
 .debug_ranges  0x00000c18       0x40 C:\Users\Marissa\AppData\Local\Temp\VMicroBuilds\ArduinoSensorSample\Intel_intel_arc32_arduino_101/core.a(RingBuffer.cpp.o)
 .debug_ranges  0x00000c58      0x188 C:\Users\Marissa\AppData\Local\Temp\VMicroBuilds\ArduinoSensorSample\Intel_intel_arc32_arduino_101/core.a(UARTClass.cpp.o)

.debug_line     0x00000000     0x591b
 .debug_line    0x00000000      0x148 C:\Users\Marissa\AppData\Local\arduino15\packages\Intel\hardware\arc32\1.0.5\variants\arduino_101\libarc32drv_arduino101.a(c_init.o)
 .debug_line    0x00000148      0x17b C:\Users\Marissa\AppData\Local\arduino15\packages\Intel\hardware\arc32\1.0.5\variants\arduino_101\libarc32drv_arduino101.a(interrupt.o)
 .debug_line    0x000002c3       0xf7 C:\Users\Marissa\AppData\Local\arduino15\packages\Intel\hardware\arc32\1.0.5\variants\arduino_101\libarc32drv_arduino101.a(version.o)
 .debug_line    0x000003ba      0x11e C:\Users\Marissa\AppData\Local\arduino15\packages\Intel\hardware\arc32\1.0.5\variants\arduino_101\libarc32drv_arduino101.a(arcv2_timer0.o)
 .debug_line    0x000004d8      0x375 C:\Users\Marissa\AppData\Local\arduino15\packages\Intel\hardware\arc32\1.0.5\variants\arduino_101\libarc32drv_arduino101.a(ipc_uart_ns16550.o)
 .debug_line    0x0000084d      0x426 C:\Users\Marissa\AppData\Local\arduino15\packages\Intel\hardware\arc32\1.0.5\variants\arduino_101\libarc32drv_arduino101.a(ns16550.o)
 .debug_line    0x00000c73      0x284 C:\Users\Marissa\AppData\Local\arduino15\packages\Intel\hardware\arc32\1.0.5\variants\arduino_101\libarc32drv_arduino101.a(cfw_platform.o)
 .debug_line    0x00000ef7      0x2ef C:\Users\Marissa\AppData\Local\arduino15\packages\Intel\hardware\arc32\1.0.5\variants\arduino_101\libarc32drv_arduino101.a(nordic_interface.o)
 .debug_line    0x000011e6      0x282 C:\Users\Marissa\AppData\Local\arduino15\packages\Intel\hardware\arc32\1.0.5\variants\arduino_101\libarc32drv_arduino101.a(client_api.o)
 .debug_line    0x00001468      0x355 C:\Users\Marissa\AppData\Local\arduino15\packages\Intel\hardware\arc32\1.0.5\variants\arduino_101\libarc32drv_arduino101.a(service_api.o)
 .debug_line    0x000017bd      0x4a8 C:\Users\Marissa\AppData\Local\arduino15\packages\Intel\hardware\arc32\1.0.5\variants\arduino_101\libarc32drv_arduino101.a(service_manager.o)
 .debug_line    0x00001c65      0x295 C:\Users\Marissa\AppData\Local\arduino15\packages\Intel\hardware\arc32\1.0.5\variants\arduino_101\libarc32drv_arduino101.a(ipc.o)
 .debug_line    0x00001efa      0x176 C:\Users\Marissa\AppData\Local\arduino15\packages\Intel\hardware\arc32\1.0.5\variants\arduino_101\libarc32drv_arduino101.a(ipc_callback.o)
 .debug_line    0x00002070      0x231 C:\Users\Marissa\AppData\Local\arduino15\packages\Intel\hardware\arc32\1.0.5\variants\arduino_101\libarc32drv_arduino101.a(log.o)
 .debug_line    0x000022a1      0x15a C:\Users\Marissa\AppData\Local\arduino15\packages\Intel\hardware\arc32\1.0.5\variants\arduino_101\libarc32drv_arduino101.a(log_impl_printk.o)
 .debug_line    0x000023fb      0x33c C:\Users\Marissa\AppData\Local\arduino15\packages\Intel\hardware\arc32\1.0.5\variants\arduino_101\libarc32drv_arduino101.a(port.o)
 .debug_line    0x00002737      0x101 C:\Users\Marissa\AppData\Local\arduino15\packages\Intel\hardware\arc32\1.0.5\variants\arduino_101\libarc32drv_arduino101.a(uptime.o)
 .debug_line    0x00002838      0x253 C:\Users\Marissa\AppData\Local\arduino15\packages\Intel\hardware\arc32\1.0.5\variants\arduino_101\libarc32drv_arduino101.a(list.o)
 .debug_line    0x00002a8b      0x2bc C:\Users\Marissa\AppData\Local\arduino15\packages\Intel\hardware\arc32\1.0.5\variants\arduino_101\libarc32drv_arduino101.a(os.o)
 .debug_line    0x00002d47       0xb1 C:\Users\Marissa\AppData\Local\arduino15\packages\Intel\hardware\arc32\1.0.5\variants\arduino_101\libarc32drv_arduino101.a(init.o)
 .debug_line    0x00002df8       0x86 c:/users/marissa/appdata/local/arduino15/packages/intel/tools/arc-elf32/1.6.4+1.0/bin/../lib/gcc/arc-elf32/4.8.3\libgcc.a(_udivsi3.o)
 .debug_line    0x00002e7e       0x89 c:/users/marissa/appdata/local/arduino15/packages/intel/tools/arc-elf32/1.6.4+1.0/bin/../lib/gcc/arc-elf32/4.8.3\libgcc.a(_umodsi3.o)